[10:40:46Z] === Chain1(UI) start; target=8d50fe9d043391d5ba8857094a366a59a34ae43f ===
[10:40:47Z] --- 1) 安装包校验（官网下载产物） ---
dmg_path=/private/tmp/xcagi-custchain/dmg3/XCAGI-Enterprise-1.0.0.5-mac-arm64.dmg dmg_sha256=55a873779aa316fe1e2393ff043978187911b3e052b9762deaefdd6d4817e32f dmg_size=301669921
[10:40:47Z] --- 2) 浏览器下载隔离属性 + Gatekeeper ---
dmg_quarantine=0083;6ab109af;Safari;
/private/tmp/xcagi-custchain/dmg3/XCAGI-Enterprise-1.0.0.5-mac-arm64.dmg: accepted
source=Notarized Developer ID
origin=Developer ID Application: jialong Li (G26WSH472M)
[10:40:49Z] --- 3) 挂载 + 三方核验 ---
--- spctl ---
/private/tmp/xcagi-custchain/mnt/fresh/XCAGI.app: accepted
source=Notarized Developer ID
origin=Developer ID Application: jialong Li (G26WSH472M)
--- codesign ---
codesign_ok=1
--- stapler ---
Processing: /private/tmp/xcagi-custchain/mnt/fresh/XCAGI.app
The validate action worked!
--- build-info ---
{"schema_version":1,"gitSha":"8d50fe9d043391d5ba8857094a366a59a34ae43f","version":"1.0.0.5","releaseId":"xcagi-1.0.0.5-8d50fe9d043391d5ba8857094a366a59a34ae43f","builtAt":"2026-09-21T08:46:12.138Z"}

[10:40:53Z] --- 4) 安装到 /Applications ---
installed_build_info:
{"schema_version":1,"gitSha":"8d50fe9d043391d5ba8857094a366a59a34ae43f","version":"1.0.0.5","releaseId":"xcagi-1.0.0.5-8d50fe9d043391d5ba8857094a366a59a34ae43f","builtAt":"2026-09-21T08:46:12.138Z"}

[10:40:55Z] --- 5) 首启 ---
[10:41:15Z] backend up; bundle_sha=8d50fe9d043391d5ba8857094a366a59a34ae43f
screenshot: True -> /private/tmp/xcagi-custchain/evidence-8d50fe9d-ui/chain1-01-firstlaunch.png
{"xcagi.db.bytes": 1445888, "uploads.files": 0, "mods.files": 426, "models.files": 0, "backups.files": 0, "backups.latest": ""}
[10:41:15Z] --- 6) UI 登录 + 权益 + Mod + 行业准备（写操作全部走 UI） ---
{
  "step": "ui_login",
  "verdict": "BLOCKED",
  "key": {
    "step": "ui_login",
    "verdict": "BLOCKED",
    "workspace_visible": false
  }
}
-> /private/tmp/xcagi-custchain/evidence-8d50fe9d-ui/ui-step0.json
Traceback (most recent call last):
  File "/private/tmp/xcagi-custchain/ui_drive.py", line 640, in <module>
    res, actions = fn()
                   ^^^^
  File "/private/tmp/xcagi-custchain/ui_drive.py", line 307, in step1_template
    R["actions"].append({"click": "模板编辑", **click_text_wait("模板编辑", "button", wait=2.5)})
                                                ^^^^^^^^^^^^^^^^^^^^^^^^^^^^^^^^^^^^^^^^^^^^^^^
  File "/private/tmp/xcagi-custchain/ui_drive.py", line 100, in click_text_wait
    return click(finder, text, wait)
           ^^^^^^^^^^^^^^^^^^^^^^^^^
  File "/private/tmp/xcagi-custchain/ui_drive.py", line 78, in click
    raise RuntimeError("找不到可点击元素: %s" % label)
RuntimeError: 找不到可点击元素: 模板编辑
Traceback (most recent call last):
  File "/private/tmp/xcagi-custchain/ui_drive.py", line 640, in <module>
    res, actions = fn()
                   ^^^^
  File "/private/tmp/xcagi-custchain/ui_drive.py", line 362, in step2_product
    R["actions"].append({"click": "添加产品", **click_text_wait("添加产品", "button", wait=1.0)})
                                                ^^^^^^^^^^^^^^^^^^^^^^^^^^^^^^^^^^^^^^^^^^^^^^^
  File "/private/tmp/xcagi-custchain/ui_drive.py", line 100, in click_text_wait
    return click(finder, text, wait)
           ^^^^^^^^^^^^^^^^^^^^^^^^^
  File "/private/tmp/xcagi-custchain/ui_drive.py", line 78, in click
    raise RuntimeError("找不到可点击元素: %s" % label)
RuntimeError: 找不到可点击元素: 添加产品
Traceback (most recent call last):
  File "/Users/a4243342/.local/share/uv/python/cpython-3.11.15-macos-aarch64-none/lib/python3.11/urllib/request.py", line 1348, in do_open
    h.request(req.get_method(), req.selector, req.data, headers,
  File "/Users/a4243342/.local/share/uv/python/cpython-3.11.15-macos-aarch64-none/lib/python3.11/http/client.py", line 1323, in request
    self._send_request(method, url, body, headers, encode_chunked)
  File "/Users/a4243342/.local/share/uv/python/cpython-3.11.15-macos-aarch64-none/lib/python3.11/http/client.py", line 1369, in _send_request
    self.endheaders(body, encode_chunked=encode_chunked)
  File "/Users/a4243342/.local/share/uv/python/cpython-3.11.15-macos-aarch64-none/lib/python3.11/http/client.py", line 1318, in endheaders
    self._send_output(message_body, encode_chunked=encode_chunked)
  File "/Users/a4243342/.local/share/uv/python/cpython-3.11.15-macos-aarch64-none/lib/python3.11/http/client.py", line 1078, in _send_output
    self.send(msg)
  File "/Users/a4243342/.local/share/uv/python/cpython-3.11.15-macos-aarch64-none/lib/python3.11/http/client.py", line 1016, in send
    self.connect()
  File "/Users/a4243342/.local/share/uv/python/cpython-3.11.15-macos-aarch64-none/lib/python3.11/http/client.py", line 982, in connect
    self.sock = self._create_connection(
                ^^^^^^^^^^^^^^^^^^^^^^^^
  File "/Users/a4243342/.local/share/uv/python/cpython-3.11.15-macos-aarch64-none/lib/python3.11/socket.py", line 863, in create_connection
    raise exceptions[0]
  File "/Users/a4243342/.local/share/uv/python/cpython-3.11.15-macos-aarch64-none/lib/python3.11/socket.py", line 848, in create_connection
    sock.connect(sa)
ConnectionRefusedError: [Errno 61] Connection refused

During handling of the above exception, another exception occurred:

Traceback (most recent call last):
  File "/private/tmp/xcagi-custchain/ui_drive.py", line 640, in <module>
    res, actions = fn()
                   ^^^^
  File "/private/tmp/xcagi-custchain/ui_drive.py", line 404, in step2b_customer
    R["actions"].append({"at": "/customers", "state": state()})
                                                      ^^^^^^^
  File "/private/tmp/xcagi-custchain/ui_drive.py", line 225, in state
    return js("""(() => ({url: location.href, title: document.title,
           ^^^^^^^^^^^^^^^^^^^^^^^^^^^^^^^^^^^^^^^^^^^^^^^^^^^^^^^^^
  File "/private/tmp/xcagi-custchain/ui_drive.py", line 31, in js
    return cdp.eval_value(expr, timeout=timeout)
           ^^^^^^^^^^^^^^^^^^^^^^^^^^^^^^^^^^^^^
  File "/private/tmp/xcagi-custchain/cdp.py", line 37, in eval_value
    msg = evaluate(expr, timeout=timeout)
          ^^^^^^^^^^^^^^^^^^^^^^^^^^^^^^^
  File "/private/tmp/xcagi-custchain/cdp.py", line 22, in evaluate
    t = page_target()
        ^^^^^^^^^^^^^
  File "/private/tmp/xcagi-custchain/cdp.py", line 13, in page_target
    with _OPENER.open(CDP_HTTP + "/json", timeout=10) as r:
         ^^^^^^^^^^^^^^^^^^^^^^^^^^^^^^^^^^^^^^^^^^^^
  File "/Users/a4243342/.local/share/uv/python/cpython-3.11.15-macos-aarch64-none/lib/python3.11/urllib/request.py", line 519, in open
    response = self._open(req, data)
               ^^^^^^^^^^^^^^^^^^^^^
  File "/Users/a4243342/.local/share/uv/python/cpython-3.11.15-macos-aarch64-none/lib/python3.11/urllib/request.py", line 536, in _open
    result = self._call_chain(self.handle_open, protocol, protocol +
             ^^^^^^^^^^^^^^^^^^^^^^^^^^^^^^^^^^^^^^^^^^^^^^^^^^^^^^^
  File "/Users/a4243342/.local/share/uv/python/cpython-3.11.15-macos-aarch64-none/lib/python3.11/urllib/request.py", line 496, in _call_chain
    result = func(*args)
             ^^^^^^^^^^^
  File "/Users/a4243342/.local/share/uv/python/cpython-3.11.15-macos-aarch64-none/lib/python3.11/urllib/request.py", line 1377, in http_open
    return self.do_open(http.client.HTTPConnection, req)
           ^^^^^^^^^^^^^^^^^^^^^^^^^^^^^^^^^^^^^^^^^^^^^
  File "/Users/a4243342/.local/share/uv/python/cpython-3.11.15-macos-aarch64-none/lib/python3.11/urllib/request.py", line 1351, in do_open
    raise URLError(err)
urllib.error.URLError: <urlopen error [Errno 61] Connection refused>
Traceback (most recent call last):
  File "/Users/a4243342/.local/share/uv/python/cpython-3.11.15-macos-aarch64-none/lib/python3.11/urllib/request.py", line 1348, in do_open
    h.request(req.get_method(), req.selector, req.data, headers,
  File "/Users/a4243342/.local/share/uv/python/cpython-3.11.15-macos-aarch64-none/lib/python3.11/http/client.py", line 1323, in request
    self._send_request(method, url, body, headers, encode_chunked)
  File "/Users/a4243342/.local/share/uv/python/cpython-3.11.15-macos-aarch64-none/lib/python3.11/http/client.py", line 1369, in _send_request
    self.endheaders(body, encode_chunked=encode_chunked)
  File "/Users/a4243342/.local/share/uv/python/cpython-3.11.15-macos-aarch64-none/lib/python3.11/http/client.py", line 1318, in endheaders
    self._send_output(message_body, encode_chunked=encode_chunked)
  File "/Users/a4243342/.local/share/uv/python/cpython-3.11.15-macos-aarch64-none/lib/python3.11/http/client.py", line 1078, in _send_output
    self.send(msg)
  File "/Users/a4243342/.local/share/uv/python/cpython-3.11.15-macos-aarch64-none/lib/python3.11/http/client.py", line 1016, in send
    self.connect()
  File "/Users/a4243342/.local/share/uv/python/cpython-3.11.15-macos-aarch64-none/lib/python3.11/http/client.py", line 982, in connect
    self.sock = self._create_connection(
                ^^^^^^^^^^^^^^^^^^^^^^^^
  File "/Users/a4243342/.local/share/uv/python/cpython-3.11.15-macos-aarch64-none/lib/python3.11/socket.py", line 863, in create_connection
    raise exceptions[0]
  File "/Users/a4243342/.local/share/uv/python/cpython-3.11.15-macos-aarch64-none/lib/python3.11/socket.py", line 848, in create_connection
    sock.connect(sa)
ConnectionRefusedError: [Errno 61] Connection refused

During handling of the above exception, another exception occurred:

Traceback (most recent call last):
  File "/private/tmp/xcagi-custchain/ui_drive.py", line 640, in <module>
    res, actions = fn()
                   ^^^^
  File "/private/tmp/xcagi-custchain/ui_drive.py", line 446, in step3_generate
    goto("/orders/create")
  File "/private/tmp/xcagi-custchain/ui_drive.py", line 220, in goto
    cdp.send("Page.navigate", {"url": APP + path})
  File "/private/tmp/xcagi-custchain/cdp.py", line 45, in send
    t = page_target()
        ^^^^^^^^^^^^^
  File "/private/tmp/xcagi-custchain/cdp.py", line 13, in page_target
    with _OPENER.open(CDP_HTTP + "/json", timeout=10) as r:
         ^^^^^^^^^^^^^^^^^^^^^^^^^^^^^^^^^^^^^^^^^^^^
  File "/Users/a4243342/.local/share/uv/python/cpython-3.11.15-macos-aarch64-none/lib/python3.11/urllib/request.py", line 519, in open
    response = self._open(req, data)
               ^^^^^^^^^^^^^^^^^^^^^
  File "/Users/a4243342/.local/share/uv/python/cpython-3.11.15-macos-aarch64-none/lib/python3.11/urllib/request.py", line 536, in _open
    result = self._call_chain(self.handle_open, protocol, protocol +
             ^^^^^^^^^^^^^^^^^^^^^^^^^^^^^^^^^^^^^^^^^^^^^^^^^^^^^^^
  File "/Users/a4243342/.local/share/uv/python/cpython-3.11.15-macos-aarch64-none/lib/python3.11/urllib/request.py", line 496, in _call_chain
    result = func(*args)
             ^^^^^^^^^^^
  File "/Users/a4243342/.local/share/uv/python/cpython-3.11.15-macos-aarch64-none/lib/python3.11/urllib/request.py", line 1377, in http_open
    return self.do_open(http.client.HTTPConnection, req)
           ^^^^^^^^^^^^^^^^^^^^^^^^^^^^^^^^^^^^^^^^^^^^^
  File "/Users/a4243342/.local/share/uv/python/cpython-3.11.15-macos-aarch64-none/lib/python3.11/urllib/request.py", line 1351, in do_open
    raise URLError(err)
urllib.error.URLError: <urlopen error [Errno 61] Connection refused>
Traceback (most recent call last):
  File "/Users/a4243342/.local/share/uv/python/cpython-3.11.15-macos-aarch64-none/lib/python3.11/urllib/request.py", line 1348, in do_open
    h.request(req.get_method(), req.selector, req.data, headers,
  File "/Users/a4243342/.local/share/uv/python/cpython-3.11.15-macos-aarch64-none/lib/python3.11/http/client.py", line 1323, in request
    self._send_request(method, url, body, headers, encode_chunked)
  File "/Users/a4243342/.local/share/uv/python/cpython-3.11.15-macos-aarch64-none/lib/python3.11/http/client.py", line 1369, in _send_request
    self.endheaders(body, encode_chunked=encode_chunked)
  File "/Users/a4243342/.local/share/uv/python/cpython-3.11.15-macos-aarch64-none/lib/python3.11/http/client.py", line 1318, in endheaders
    self._send_output(message_body, encode_chunked=encode_chunked)
  File "/Users/a4243342/.local/share/uv/python/cpython-3.11.15-macos-aarch64-none/lib/python3.11/http/client.py", line 1078, in _send_output
    self.send(msg)
  File "/Users/a4243342/.local/share/uv/python/cpython-3.11.15-macos-aarch64-none/lib/python3.11/http/client.py", line 1016, in send
    self.connect()
  File "/Users/a4243342/.local/share/uv/python/cpython-3.11.15-macos-aarch64-none/lib/python3.11/http/client.py", line 982, in connect
    self.sock = self._create_connection(
                ^^^^^^^^^^^^^^^^^^^^^^^^
  File "/Users/a4243342/.local/share/uv/python/cpython-3.11.15-macos-aarch64-none/lib/python3.11/socket.py", line 863, in create_connection
    raise exceptions[0]
  File "/Users/a4243342/.local/share/uv/python/cpython-3.11.15-macos-aarch64-none/lib/python3.11/socket.py", line 848, in create_connection
    sock.connect(sa)
ConnectionRefusedError: [Errno 61] Connection refused

During handling of the above exception, another exception occurred:

Traceback (most recent call last):
  File "/private/tmp/xcagi-custchain/ui_drive.py", line 640, in <module>
    res, actions = fn()
                   ^^^^
  File "/private/tmp/xcagi-custchain/ui_drive.py", line 545, in step4_download
    panel = js("""(() => { const c = Array.from(document.querySelectorAll('#view-create-order .card'))
            ^^^^^^^^^^^^^^^^^^^^^^^^^^^^^^^^^^^^^^^^^^^^^^^^^^^^^^^^^^^^^^^^^^^^^^^^^^^^^^^^^^^^^^^^^^
  File "/private/tmp/xcagi-custchain/ui_drive.py", line 31, in js
    return cdp.eval_value(expr, timeout=timeout)
           ^^^^^^^^^^^^^^^^^^^^^^^^^^^^^^^^^^^^^
  File "/private/tmp/xcagi-custchain/cdp.py", line 37, in eval_value
    msg = evaluate(expr, timeout=timeout)
          ^^^^^^^^^^^^^^^^^^^^^^^^^^^^^^^
  File "/private/tmp/xcagi-custchain/cdp.py", line 22, in evaluate
    t = page_target()
        ^^^^^^^^^^^^^
  File "/private/tmp/xcagi-custchain/cdp.py", line 13, in page_target
    with _OPENER.open(CDP_HTTP + "/json", timeout=10) as r:
         ^^^^^^^^^^^^^^^^^^^^^^^^^^^^^^^^^^^^^^^^^^^^
  File "/Users/a4243342/.local/share/uv/python/cpython-3.11.15-macos-aarch64-none/lib/python3.11/urllib/request.py", line 519, in open
    response = self._open(req, data)
               ^^^^^^^^^^^^^^^^^^^^^
  File "/Users/a4243342/.local/share/uv/python/cpython-3.11.15-macos-aarch64-none/lib/python3.11/urllib/request.py", line 536, in _open
    result = self._call_chain(self.handle_open, protocol, protocol +
             ^^^^^^^^^^^^^^^^^^^^^^^^^^^^^^^^^^^^^^^^^^^^^^^^^^^^^^^
  File "/Users/a4243342/.local/share/uv/python/cpython-3.11.15-macos-aarch64-none/lib/python3.11/urllib/request.py", line 496, in _call_chain
    result = func(*args)
             ^^^^^^^^^^^
  File "/Users/a4243342/.local/share/uv/python/cpython-3.11.15-macos-aarch64-none/lib/python3.11/urllib/request.py", line 1377, in http_open
    return self.do_open(http.client.HTTPConnection, req)
           ^^^^^^^^^^^^^^^^^^^^^^^^^^^^^^^^^^^^^^^^^^^^^
  File "/Users/a4243342/.local/share/uv/python/cpython-3.11.15-macos-aarch64-none/lib/python3.11/urllib/request.py", line 1351, in do_open
    raise URLError(err)
urllib.error.URLError: <urlopen error [Errno 61] Connection refused>
Traceback (most recent call last):
  File "/Users/a4243342/.local/share/uv/python/cpython-3.11.15-macos-aarch64-none/lib/python3.11/urllib/request.py", line 1348, in do_open
    h.request(req.get_method(), req.selector, req.data, headers,
  File "/Users/a4243342/.local/share/uv/python/cpython-3.11.15-macos-aarch64-none/lib/python3.11/http/client.py", line 1323, in request
    self._send_request(method, url, body, headers, encode_chunked)
  File "/Users/a4243342/.local/share/uv/python/cpython-3.11.15-macos-aarch64-none/lib/python3.11/http/client.py", line 1369, in _send_request
    self.endheaders(body, encode_chunked=encode_chunked)
  File "/Users/a4243342/.local/share/uv/python/cpython-3.11.15-macos-aarch64-none/lib/python3.11/http/client.py", line 1318, in endheaders
    self._send_output(message_body, encode_chunked=encode_chunked)
  File "/Users/a4243342/.local/share/uv/python/cpython-3.11.15-macos-aarch64-none/lib/python3.11/http/client.py", line 1078, in _send_output
    self.send(msg)
  File "/Users/a4243342/.local/share/uv/python/cpython-3.11.15-macos-aarch64-none/lib/python3.11/http/client.py", line 1016, in send
    self.connect()
  File "/Users/a4243342/.local/share/uv/python/cpython-3.11.15-macos-aarch64-none/lib/python3.11/http/client.py", line 982, in connect
    self.sock = self._create_connection(
                ^^^^^^^^^^^^^^^^^^^^^^^^
  File "/Users/a4243342/.local/share/uv/python/cpython-3.11.15-macos-aarch64-none/lib/python3.11/socket.py", line 863, in create_connection
    raise exceptions[0]
  File "/Users/a4243342/.local/share/uv/python/cpython-3.11.15-macos-aarch64-none/lib/python3.11/socket.py", line 848, in create_connection
    sock.connect(sa)
ConnectionRefusedError: [Errno 61] Connection refused

During handling of the above exception, another exception occurred:

Traceback (most recent call last):
  File "/private/tmp/xcagi-custchain/ui_drive.py", line 640, in <module>
    res, actions = fn()
                   ^^^^
  File "/private/tmp/xcagi-custchain/ui_drive.py", line 602, in step5_records
    goto("/shipment-records")
  File "/private/tmp/xcagi-custchain/ui_drive.py", line 220, in goto
    cdp.send("Page.navigate", {"url": APP + path})
  File "/private/tmp/xcagi-custchain/cdp.py", line 45, in send
    t = page_target()
        ^^^^^^^^^^^^^
  File "/private/tmp/xcagi-custchain/cdp.py", line 13, in page_target
    with _OPENER.open(CDP_HTTP + "/json", timeout=10) as r:
         ^^^^^^^^^^^^^^^^^^^^^^^^^^^^^^^^^^^^^^^^^^^^
  File "/Users/a4243342/.local/share/uv/python/cpython-3.11.15-macos-aarch64-none/lib/python3.11/urllib/request.py", line 519, in open
    response = self._open(req, data)
               ^^^^^^^^^^^^^^^^^^^^^
  File "/Users/a4243342/.local/share/uv/python/cpython-3.11.15-macos-aarch64-none/lib/python3.11/urllib/request.py", line 536, in _open
    result = self._call_chain(self.handle_open, protocol, protocol +
             ^^^^^^^^^^^^^^^^^^^^^^^^^^^^^^^^^^^^^^^^^^^^^^^^^^^^^^^
  File "/Users/a4243342/.local/share/uv/python/cpython-3.11.15-macos-aarch64-none/lib/python3.11/urllib/request.py", line 496, in _call_chain
    result = func(*args)
             ^^^^^^^^^^^
  File "/Users/a4243342/.local/share/uv/python/cpython-3.11.15-macos-aarch64-none/lib/python3.11/urllib/request.py", line 1377, in http_open
    return self.do_open(http.client.HTTPConnection, req)
           ^^^^^^^^^^^^^^^^^^^^^^^^^^^^^^^^^^^^^^^^^^^^^
  File "/Users/a4243342/.local/share/uv/python/cpython-3.11.15-macos-aarch64-none/lib/python3.11/urllib/request.py", line 1351, in do_open
    raise URLError(err)
urllib.error.URLError: <urlopen error [Errno 61] Connection refused>
[10:43:06Z] --- 7) 重启恢复 ---
[10:43:20Z] backend up; bundle_sha=8d50fe9d043391d5ba8857094a366a59a34ae43f
Traceback (most recent call last):
  File "/private/tmp/xcagi-custchain/chain.py", line 469, in <module>
    main()
  File "/private/tmp/xcagi-custchain/chain.py", line 434, in main
    continuity_ui(sys.argv[2], sys.argv[3])
  File "/private/tmp/xcagi-custchain/chain.py", line 393, in continuity_ui
    a, ls, lb = login()
                ^^^^^^^
  File "/private/tmp/xcagi-custchain/chain.py", line 99, in login
    s, b = a.j("POST", "/api/auth/login", {"username": USER, "password": PASSWORD},
           ^^^^^^^^^^^^^^^^^^^^^^^^^^^^^^^^^^^^^^^^^^^^^^^^^^^^^^^^^^^^^^^^^^^^^^^^
  File "/private/tmp/xcagi-custchain/chain.py", line 55, in j
    s, b = self.raw(method, path, data, headers, timeout)
           ^^^^^^^^^^^^^^^^^^^^^^^^^^^^^^^^^^^^^^^^^^^^^^
  File "/private/tmp/xcagi-custchain/chain.py", line 49, in raw
    with self.op.open(req, timeout=timeout) as r:
         ^^^^^^^^^^^^^^^^^^^^^^^^^^^^^^^^^^
  File "/Users/a4243342/.local/share/uv/python/cpython-3.11.15-macos-aarch64-none/lib/python3.11/urllib/request.py", line 519, in open
    response = self._open(req, data)
               ^^^^^^^^^^^^^^^^^^^^^
  File "/Users/a4243342/.local/share/uv/python/cpython-3.11.15-macos-aarch64-none/lib/python3.11/urllib/request.py", line 536, in _open
    result = self._call_chain(self.handle_open, protocol, protocol +
             ^^^^^^^^^^^^^^^^^^^^^^^^^^^^^^^^^^^^^^^^^^^^^^^^^^^^^^^
  File "/Users/a4243342/.local/share/uv/python/cpython-3.11.15-macos-aarch64-none/lib/python3.11/urllib/request.py", line 496, in _call_chain
    result = func(*args)
             ^^^^^^^^^^^
  File "/Users/a4243342/.local/share/uv/python/cpython-3.11.15-macos-aarch64-none/lib/python3.11/urllib/request.py", line 1377, in http_open
    return self.do_open(http.client.HTTPConnection, req)
           ^^^^^^^^^^^^^^^^^^^^^^^^^^^^^^^^^^^^^^^^^^^^^
  File "/Users/a4243342/.local/share/uv/python/cpython-3.11.15-macos-aarch64-none/lib/python3.11/urllib/request.py", line 1352, in do_open
    r = h.getresponse()
        ^^^^^^^^^^^^^^^
  File "/Users/a4243342/.local/share/uv/python/cpython-3.11.15-macos-aarch64-none/lib/python3.11/http/client.py", line 1415, in getresponse
    response.begin()
  File "/Users/a4243342/.local/share/uv/python/cpython-3.11.15-macos-aarch64-none/lib/python3.11/http/client.py", line 330, in begin
    version, status, reason = self._read_status()
                              ^^^^^^^^^^^^^^^^^^^
  File "/Users/a4243342/.local/share/uv/python/cpython-3.11.15-macos-aarch64-none/lib/python3.11/http/client.py", line 299, in _read_status
    raise RemoteDisconnected("Remote end closed connection without"
http.client.RemoteDisconnected: Remote end closed connection without response
{"xcagi.db.bytes": 1667072, "uploads.files": 0, "mods.files": 426, "models.files": 0, "backups.files": 1, "backups.latest": "xcagi-unknown-20260921104125.db"}
Traceback (most recent call last):
  File "/Users/a4243342/.local/share/uv/python/cpython-3.11.15-macos-aarch64-none/lib/python3.11/urllib/request.py", line 1348, in do_open
    h.request(req.get_method(), req.selector, req.data, headers,
  File "/Users/a4243342/.local/share/uv/python/cpython-3.11.15-macos-aarch64-none/lib/python3.11/http/client.py", line 1323, in request
    self._send_request(method, url, body, headers, encode_chunked)
  File "/Users/a4243342/.local/share/uv/python/cpython-3.11.15-macos-aarch64-none/lib/python3.11/http/client.py", line 1369, in _send_request
    self.endheaders(body, encode_chunked=encode_chunked)
  File "/Users/a4243342/.local/share/uv/python/cpython-3.11.15-macos-aarch64-none/lib/python3.11/http/client.py", line 1318, in endheaders
    self._send_output(message_body, encode_chunked=encode_chunked)
  File "/Users/a4243342/.local/share/uv/python/cpython-3.11.15-macos-aarch64-none/lib/python3.11/http/client.py", line 1078, in _send_output
    self.send(msg)
  File "/Users/a4243342/.local/share/uv/python/cpython-3.11.15-macos-aarch64-none/lib/python3.11/http/client.py", line 1016, in send
    self.connect()
  File "/Users/a4243342/.local/share/uv/python/cpython-3.11.15-macos-aarch64-none/lib/python3.11/http/client.py", line 982, in connect
    self.sock = self._create_connection(
                ^^^^^^^^^^^^^^^^^^^^^^^^
  File "/Users/a4243342/.local/share/uv/python/cpython-3.11.15-macos-aarch64-none/lib/python3.11/socket.py", line 863, in create_connection
    raise exceptions[0]
  File "/Users/a4243342/.local/share/uv/python/cpython-3.11.15-macos-aarch64-none/lib/python3.11/socket.py", line 848, in create_connection
    sock.connect(sa)
ConnectionRefusedError: [Errno 61] Connection refused

During handling of the above exception, another exception occurred:

Traceback (most recent call last):
  File "/private/tmp/xcagi-custchain/chain.py", line 469, in <module>
    main()
  File "/private/tmp/xcagi-custchain/chain.py", line 440, in main
    print("screenshot:", cdp.screenshot(sys.argv[2]), "->", sys.argv[2])
                         ^^^^^^^^^^^^^^^^^^^^^^^^^^^
  File "/private/tmp/xcagi-custchain/cdp.py", line 57, in screenshot
    msg = send("Page.captureScreenshot", {"format": "png"})
          ^^^^^^^^^^^^^^^^^^^^^^^^^^^^^^^^^^^^^^^^^^^^^^^^^
  File "/private/tmp/xcagi-custchain/cdp.py", line 45, in send
    t = page_target()
        ^^^^^^^^^^^^^
  File "/private/tmp/xcagi-custchain/cdp.py", line 13, in page_target
    with _OPENER.open(CDP_HTTP + "/json", timeout=10) as r:
         ^^^^^^^^^^^^^^^^^^^^^^^^^^^^^^^^^^^^^^^^^^^^
  File "/Users/a4243342/.local/share/uv/python/cpython-3.11.15-macos-aarch64-none/lib/python3.11/urllib/request.py", line 519, in open
    response = self._open(req, data)
               ^^^^^^^^^^^^^^^^^^^^^
  File "/Users/a4243342/.local/share/uv/python/cpython-3.11.15-macos-aarch64-none/lib/python3.11/urllib/request.py", line 536, in _open
    result = self._call_chain(self.handle_open, protocol, protocol +
             ^^^^^^^^^^^^^^^^^^^^^^^^^^^^^^^^^^^^^^^^^^^^^^^^^^^^^^^
  File "/Users/a4243342/.local/share/uv/python/cpython-3.11.15-macos-aarch64-none/lib/python3.11/urllib/request.py", line 496, in _call_chain
    result = func(*args)
             ^^^^^^^^^^^
  File "/Users/a4243342/.local/share/uv/python/cpython-3.11.15-macos-aarch64-none/lib/python3.11/urllib/request.py", line 1377, in http_open
    return self.do_open(http.client.HTTPConnection, req)
           ^^^^^^^^^^^^^^^^^^^^^^^^^^^^^^^^^^^^^^^^^^^^^
  File "/Users/a4243342/.local/share/uv/python/cpython-3.11.15-macos-aarch64-none/lib/python3.11/urllib/request.py", line 1351, in do_open
    raise URLError(err)
urllib.error.URLError: <urlopen error [Errno 61] Connection refused>
[10:43:27Z] --- 8) 安装身份 ---

[10:43:27Z] === Chain1(UI) done ===
