===== attempt 1 @ 10:51:02Z =====
{"clicked": true, "text": "下载更新", "cls": "btn btn-primary btn-sm"}
  10:51:22Z bytes=0
  10:51:37Z bytes=0
  10:51:52Z bytes=0
  10:52:07Z bytes=0
  10:52:22Z bytes=0
  10:52:37Z bytes=0
  10:52:52Z bytes=32768
  10:53:07Z bytes=98232
  10:53:22Z bytes=163696
  10:53:37Z bytes=278258
  10:53:52Z bytes=393216
  10:54:07Z bytes=442314
  10:54:22Z bytes=507778
  10:54:37Z bytes=622340
  10:54:52Z bytes=3686346
  10:55:07Z bytes=12500938
  10:55:22Z bytes=21643210
  10:55:37Z bytes=30605276
  10:55:53Z bytes=39583744
  10:56:08Z bytes=48545738
  10:56:23Z bytes=57491402
  10:56:38Z bytes=62619648
  10:56:53Z bytes=62685184
  10:57:08Z bytes=63225838
  10:57:23Z bytes=63487982
  10:57:38Z bytes=63487982
  10:57:53Z bytes=63487982
  10:58:08Z bytes=63487982
  10:58:23Z bytes=63487982
  10:58:38Z bytes=63487982
  10:58:53Z bytes=0
  failed: {"ts":"2026-09-18T10:58:50.940Z","type":"download_failed","data":{"message":"net::ERR_CONNECTION_CLOSED"}}
===== attempt 2 @ 10:59:03Z =====
{"clicked": true, "text": "下载更新", "cls": "btn btn-primary btn-sm"}
  10:59:23Z bytes=14021114
  10:59:38Z bytes=23637497
  10:59:53Z bytes=33003992
  11:00:08Z bytes=41721319
  11:00:23Z bytes=77058477
  11:00:38Z bytes=113962312
  11:00:53Z bytes=135652501
  11:01:08Z bytes=1736704
  11:01:23Z bytes=10534858
  11:01:38Z bytes=19595264
  11:01:53Z bytes=28344320
  11:02:08Z bytes=37404618
  11:02:23Z bytes=46268416
  11:02:38Z bytes=55443420
  11:02:53Z bytes=64356316
  11:03:08Z bytes=73318346
  11:03:23Z bytes=82313180
  11:03:38Z bytes=91242406
  11:03:53Z bytes=100122570
  11:04:08Z bytes=109150208
  11:04:23Z bytes=118013934
  11:04:38Z bytes=126910428
  11:04:53Z bytes=135774190
  11:05:08Z bytes=144752622
  11:05:23Z bytes=153714652
  11:05:38Z bytes=162365440
  11:05:53Z bytes=171442140
  11:06:08Z bytes=180568046
  11:06:24Z bytes=189464540
  11:06:39Z bytes=198393802
  11:06:54Z bytes=207306734
  11:07:09Z bytes=215138286
  11:07:24Z bytes=223330250
  11:07:39Z bytes=232587264
  11:07:54Z bytes=241450954
  11:08:09Z bytes=250413056
  11:08:24Z bytes=259276782
  11:08:39Z bytes=0
RESULT=DOWNLOADED attempt=2
