# ai-knowledge 知识库与向量检索
# verified_at=2026-09-20T09:19:48.563Z
# app=1.0.0.5@9d6134d5cc37372d9e14bad83ca1fcf2ea060f56
url=http://127.0.0.1:17500/persy/knowledge
title=Persy 知识库 - XCAGI
--- body text (head) ---
饰品包装助手
SUNBIRD
智能对话
考勤工作区
信息
智能生态
知识库
员工工作台
数据对接中心
饰品包装品管理
原材料仓库
库存管理
客户管理
订单管理
出货记录
数据来源
包装标签打印
标签模板库
系统设置
系统正常
通用考勤模块
v1.0.0.5
SUNBIRD
知识库
SUNBIRD
副窗
◈
工作区
PERSY COGNITIVE MAP
企业知识网络
图谱
记忆
卡片
来源
关键词召回
导入

当前没有知识内容，图中显示导入资料、粘贴知识和对话记忆三个开始入口。

0
内容
0
关系
0
来源
主题
来源
知识
记忆
召回
节点
召回
PERSY 核心
Persy

等待资料进入后形成企业知识网络

知识节点
0
小C助理