# base-mac-client macOS 桌面客户端
# verified_at=2026-09-20T09:15:20.976Z
# app=1.0.0.5@9d6134d5cc37372d9e14bad83ca1fcf2ea060f56
url=http://127.0.0.1:17500/
title=智能对话 - XCAGI
userAgent=Mozilla/5.0 (Macintosh; Intel Mac OS X 10_15_7) AppleWebKit/537.36 (KHTML, like Gecko) xcagi-desktop/1.0.0 Chrome/146.0.7680.216 Electron/41.10.3 Safari/537.36
--- body text (head) ---
饰品包装助手
SUNBIRD
智能对话
考勤工作区
信息
智能生态
知识库
员工工作台
数据对接中心
饰品包装品管理
原材料仓库
库存管理
客户管理
订单管理
出货记录
数据来源
包装标签打印
标签模板库
系统设置
系统正常
通用考勤模块
v1.0.0.5
SUNBIRD
智能对话
SUNBIRD
副窗
◈
工作区
查产品
订单
库存预警
打印标签
考勤
已为您解决 0 次任务 · 预计节约人工费用 ¥0

你好，我是业务助手。

查数据与单据
导出打印

请说出需求。

20:25
任务
对话
新建对话
清空
今天
只查询，不新增、修改或删除任何业务数据。请查产品编码 DEMO-...
7 条消息
仅本地
近 7 天
Find customers whose names conta...
3 条消息
仅本地
更早
这是我的新手第一单，请你作为 AI 业务员工按顺序执行： 1. ...
3 条消息
仅本地
新手教程
3 条消息
仅本地
 新对话
 审批
手动
自动
 上传附件
 解析办公文件
主动意识启用
语音播报
按住说话
发送
请输入内容后再发送