# ch-im-ws 实时通道（WebSocket）
# verified_at=2026-09-20T09:29:38.229Z
# app=1.0.0.5@9d6134d5cc37372d9e14bad83ca1fcf2ea060f56
url=http://127.0.0.1:17500/im
title=信息 - XCAGI
--- body text (head) ---
饰品包装助手
SUNBIRD
智能对话
考勤工作区
信息
智能生态
知识库
员工工作台
数据对接中心
饰品包装品管理
原材料仓库
库存管理
客户管理
订单管理
出货记录
数据来源
包装标签打印
标签模板库
系统设置
系统正常
通用考勤模块
v1.0.0.5
SUNBIRD
信息
SUNBIRD
副窗
◈
工作区
信息
实时已连接
客
客户消息 · 客来来在 XCMAX 内只读查看客户会话
💬
用户客服员工
O-A 获客部 · 未安装
🧭
需求接入员
O-A 获客部 · 未安装
🔎
需求分析员工
P-M Mod 部 · 可执行
⚙️
流程自动化员工
P-M Mod 部 · 可执行
🧩
产物生成员工
P-M Mod 部 · 可执行
🛡️
质检员工
P-M Mod 部 · 可执行
📈
企业使用跟踪员
O-A 获客部 · 未安装
企
企业专属客服
@enterprise-cs

选择左侧会话开始聊天

这里是同事和客服的一对一会话；找小C办事请用侧栏「智能对话」

小C助理