# erp-ocr OCR 单据识别
# verified_at=2026-09-20T09:27:14.260Z
# app=1.0.0.5@9d6134d5cc37372d9e14bad83ca1fcf2ea060f56
url=http://127.0.0.1:17500/data-sources
title=数据来源 - XCAGI
--- body text (head) ---
饰品包装助手
SUNBIRD
智能对话
考勤工作区
信息
智能生态
知识库
员工工作台
数据对接中心
饰品包装品管理
原材料仓库
库存管理
客户管理
订单管理
出货记录
数据来源
包装标签打印
标签模板库
系统设置
系统正常
通用考勤模块
v1.0.0.5
SUNBIRD
数据来源
SUNBIRD
副窗
◈
工作区
数据来源
私人数据库读取助手

这里管理 AI 员工可读取的数据来源。市场展示为通用员工；启用具体适配器前，需要用户在本页明确选择并授权。

员工状态：不可用
当前来源：本地消息数据库
选择数据来源
通用
规划中
本地消息数据库
通用 SQLite/SQLCipher 消息库适配器。需要用户提供数据库路径与访问凭据。
规划中
· 需要授权
即时通讯
规划中
QQ 本地数据库
QQ 本地消息与联系人读取（规划中）
规划中
· 需要授权
规划中
钉钉本地数据库
钉钉本地消息与联系人读取（规划中）
规划中
· 需要授权
规划中
企业微信本地数据库
企业微信本地消息与联系人读取（规划中）
规划中
· 需要授权
规划中
飞书本地数据库
飞书本地消息读取（规划中）
规划中
· 需要授权
规划中
Telegram 本地数据库
Telegram 本地消息读取（规划中）
规划中
· 需要授权
规划中
WhatsApp 本地数据库
WhatsApp 本地消息读取（规划中）
规划中
· 需要授权
规划中
Skype 本地数据库
Skype 本地消息读取（规划中）
规划中
· 需要授权
邮件
规划中
Outlook 本地邮箱
Outlook 本地邮箱读取（规划中）
规划中
· 需要授权
规划中
Foxmail 本地邮箱
Foxmail 本地邮箱读取（规划中）
规划中
· 需要授权
规划中
网易邮箱大师
网易邮箱大师读取（规划中）
规划中
· 需要授权
ERP · 财务
规划中
用友本地