# erp-master-data 产品 / 客户 / 供应商主数据
# verified_at=2026-09-20T09:22:36.815Z
# app=1.0.0.5@9d6134d5cc37372d9e14bad83ca1fcf2ea060f56
url=http://127.0.0.1:17500/products
title=业务对象 - XCAGI
--- body text (head) ---
饰品包装助手
SUNBIRD
智能对话
考勤工作区
信息
智能生态
知识库
员工工作台
数据对接中心
饰品包装品管理
原材料仓库
库存管理
客户管理
订单管理
出货记录
数据来源
包装标签打印
标签模板库
系统设置
系统正常
通用考勤模块
v1.0.0.5
SUNBIRD
饰品包装品管理
SUNBIRD
副窗
◈
工作区
饰品包装品管理
导入Excel
导出价格表
导出Excel
+ 添加产品
产品单位：
请选择产品单位
G11重测客户(勿删)
XC 演示客户
默认 Word 模板（price_list_default）
产品价格表（Word 价目，默认）
考勤统计表·明细导入人员
	货号	产品名称	包装规格	单价	库存	操作
	DEMO-001	XC 演示饰品包装品	标准	¥99.00	10	
编辑
删除

没有更多数据了
小C助理