# erp-sales-order 销售订单管理
# verified_at=2026-09-20T09:23:07.999Z
# app=1.0.0.5@9d6134d5cc37372d9e14bad83ca1fcf2ea060f56
url=http://127.0.0.1:17500/orders
title=业务单据 - XCAGI
--- body text (head) ---
饰品包装助手
SUNBIRD
智能对话
考勤工作区
信息
智能生态
知识库
员工工作台
数据对接中心
饰品包装品管理
原材料仓库
库存管理
客户管理
订单管理
出货记录
数据来源
包装标签打印
标签模板库
系统设置
系统正常
通用考勤模块
v1.0.0.5
SUNBIRD
订单管理
SUNBIRD
副窗
◈
工作区
出货单记录
+ 新建订单
清空全部
单号	客户	日期	金额	状态	操作
26-0900001A	G11重测客户(勿删)	2026-09-18	¥84.00	pending	
删除

26-0900001A	G11重测客户(勿删)	2026-09-18	¥84.00	pending	
删除

26-0900001A	G11重测客户(勿删)	2026-09-18	¥84.00	pending	
删除

26-0900001A	G11重测客户(勿删)	2026-09-18	¥84.00	pending	
删除

26-0900001A	G11重测客户(勿删)	2026-09-18	¥84.00	pending	
删除

26-0900001A	G11重测客户(勿删)	2026-09-18	¥84.00	pending	
删除

26-0900001A	G11重测客户(勿删)	2026-09-18	¥84.00	pending	
删除

26-0900001A	XC 演示客户	2026-09-12	¥0.00	pending	
删除

滚动加载更多
小C助理