# erp-contract 合同单据
# verified_at=2026-09-20T09:26:41.438Z
# app=1.0.0.5@9d6134d5cc37372d9e14bad83ca1fcf2ea060f56
url=http://127.0.0.1:17500/customers
title=组织管理 - XCAGI
--- body text (head) ---
饰品包装助手
SUNBIRD
智能对话
考勤工作区
信息
智能生态
知识库
员工工作台
数据对接中心
饰品包装品管理
原材料仓库
库存管理
客户管理
订单管理
出货记录
数据来源
包装标签打印
标签模板库
系统设置
系统正常
通用考勤模块
v1.0.0.5
SUNBIRD
客户管理
SUNBIRD
副窗
◈
工作区
客户管理

购买单位与「饰品包装品管理」「出货记录」同源；可选单位筛选客户列表。

购买单位
全部购买单位
G11重测客户(勿删)
XC 演示客户
请选择导出模板
客户资料初始化表
+ 新建客户
2
客户总数
	客户名称	联系人	电话	地址	操作
	G11重测客户(勿删)	-	-	-	
编辑
删除

	XC 演示客户	演示联系人	13800000000	-	
编辑
删除

没有更多数据了
小C助理