# erp-shipment 发货单与出货管理
# verified_at=2026-09-20T09:21:48.203Z
# app=1.0.0.5@9d6134d5cc37372d9e14bad83ca1fcf2ea060f56
url=http://127.0.0.1:17500/shipment-records
title=业务记录 - XCAGI
--- body text (head) ---
饰品包装助手
SUNBIRD
智能对话
考勤工作区
信息
智能生态
知识库
员工工作台
数据对接中心
饰品包装品管理
原材料仓库
库存管理
客户管理
订单管理
出货记录
数据来源
包装标签打印
标签模板库
系统设置
系统正常
通用考勤模块
v1.0.0.5
SUNBIRD
出货记录
SUNBIRD
副窗
◈
工作区
出货记录管理
请选择购买单位
G11重测客户(勿删)
XC 演示客户
全部状态
已打印
未打印
请选择出货记录模板
出货记录初始化表（出货记录） [未绑定文件]
查看记录
+ 新建
导出 Excel
选择购买单位后点击「查看记录」加载数据
暂无数据
请先选择购买单位并加载
小C助理