# ind-custom-delivery 客户定制开发与交付
# verified_at=2026-09-20T09:36:42.933Z
# app=1.0.0.5@9d6134d5cc37372d9e14bad83ca1fcf2ea060f56
url=http://127.0.0.1:17500/private-mod-delivery
title=生产员工 · 私有交付 - XCAGI
--- body text (head) ---
饰品包装助手
SUNBIRD
智能对话
考勤工作区
信息
智能生态
知识库
员工工作台
数据对接中心
饰品包装品管理
原材料仓库
库存管理
客户管理
订单管理
出货记录
数据来源
包装标签打印
标签模板库
系统设置
系统正常
通用考勤模块
v1.0.0.5
SUNBIRD
生产员工 · 私有交付
SUNBIRD
副窗
◈
工作区
返回 AI 生态
生产员工
客户私有 Mod 生产中心
客户定制交付
私有 Mod 生产中心

模块轨与员工轨分开推进。每个节点是一条有先后约束的流程： 制作 → 测试 → 验收 → 交付；不通过只能转返工，不能跨阶段跳跃。

同步中…
定制入口
说明你要的模块或员工

提交后生产员工会自动制作和测试；验收后自动安装，运行与业务验证通过才算交付。

发起定制
正在读取客户私有 Mod…
小C助理