# ind-fields 行业字段与规则配置
# verified_at=2026-09-20T09:35:10.123Z
# app=1.0.0.5@9d6134d5cc37372d9e14bad83ca1fcf2ea060f56
url=http://127.0.0.1:17500/settings
title=设置 - XCAGI
--- body text (head) ---
通用助手
SUNBIRD
智能对话
考勤工作区
信息
智能生态
知识库
员工工作台
数据对接中心
组织管理
业务对象
业务单据
业务记录
审批工作台
数据来源
模板库
系统设置
系统正常
权益同步中
通用考勤模块
v1.0.0.5
SUNBIRD
系统设置
SUNBIRD
副窗
◈
工作区

SUNBIRD

登录后同步修茈市场

登录
系统设置
模型服务
钱包 · 套餐
模型服务

本机尚未安装 Mod xcagi-model-payment-bridge，部分能力可能不可用。 可在「智能生态 → 员工商店」安装对应扩展，或联系管理员将 Mod 部署到 FHD/mods/ 后刷新。

打开员工商店
返回智能对话
AI 意图能力
通用 · 天
当前行业未加载，请刷新或检查后端行业配置
拟人 Persy 系统
待确认 0 · 已确认 0
暂无人设数据
全部
待确认
已确认
已拒绝
已删除
全部类型
偏好
实体
任务
刷新
偏好
实体
任务
写入候选

暂无记忆

基本设置
修茈 · 安全模式
侧栏样式
Office（浅色顶栏与底栏）
深海军蓝
深岩灰
深靛紫
深冷灰
企业品牌名
保存
助手名称
界面语言
简体中文
English
系统名称
SUNBIRD 交付工作台
AI 部署模式
绝对安全模式（1级）
安全模式（2级）
性能模式（3级）
网络与性能
2级 · 解放 AI 能力，业务数据仍保留在本机 SQLite。
移动端连接
App 扫码配对

使用 XCAGI App「探索 → 识别」扫描下方二维码，手机将与本机宿主绑定并互通。

尚未绑定手机，扫码或输入下方设备码即可连接
设备码
958297

297 秒后过期

刷新二维码
优先通过服务器中继绑定，手机和电脑不在同一局域网也可以连接。
扫描二维码或输入上方 6 位设备码即可连接。
登录确认请使用 App 扫描登录页的