# ind-workflow-viz 工作流可视化桥接 Mod
# verified_at=2026-09-20T09:37:36.434Z
# app=1.0.0.5@9d6134d5cc37372d9e14bad83ca1fcf2ea060f56
url=http://127.0.0.1:17500/workflow-employee-space
title=员工空间 - XCAGI
--- body text (head) ---
饰品包装助手
SUNBIRD
智能对话
考勤工作区
信息
智能生态
知识库
员工工作台
员工空间
数据对接中心
饰品包装品管理
原材料仓库
库存管理
客户管理
订单管理
出货记录
数据来源
包装标签打印
标签模板库
系统设置
系统正常
通用考勤模块
v1.0.0.5
SUNBIRD
员工空间
SUNBIRD
副窗
◈
工作区
员工空间

像素入口与工位实况；数据与副窗工作流开关、智能对话任务快照同步。

员工工作流：入口与工位实况

企业版全景 · 四部门

进入企业端四部门节点图，查看企业 Mod 栈下工具、执行、服务、管理工位与任务快照。

→
进入企业全景

企业工位

1

企业 Mod「饰品包装行业包·定制」栈内工位

已托管

1

副窗「一键托管」开

工作中

0

最近活跃 · 视觉态忙

待命

1

已托管但暂无忙态

工位实况

实时工位状态来自副窗「一键托管」开关与任务面板快照；左侧点工位卡片、右侧员工列表均可切换选中并与开关联动。

📄
0
⏱
12m
待命
考勤 AI 助手
暂无快照
已开
员工与状态

开关与副窗「一键托管」一致；进度来自任务面板同步的快照。

考勤 AI 助手
工作流 · 考勤 AI 助手
暂无快照
已开
小C助理