# ind-szqsm 奇士美专属 Mod
# verified_at=2026-09-20T09:36:05.475Z
# app=1.0.0.5@9d6134d5cc37372d9e14bad83ca1fcf2ea060f56
url=http://127.0.0.1:17500/mod-store
title=能力库 - XCAGI
--- body text (head) ---
饰品包装助手
SUNBIRD
智能对话
考勤工作区
信息
智能生态
知识库
员工工作台
数据对接中心
饰品包装品管理
原材料仓库
库存管理
客户管理
订单管理
出货记录
数据来源
包装标签打印
标签模板库
系统设置
系统正常
通用考勤模块
v1.0.0.5
SUNBIRD
能力库
SUNBIRD
副窗
◈
工作区
返回 AI 生态

XCAGI · 能力库

AI 员工市场

浏览并安装 AI 员工包；分类与修茈 AI 市场同源，安装后自动上岗至企业四部门编制。

搜索
完成入驻
打开工作台
修茈市场首页
刷新目录
全部商品
宿主基础员工
办公员工包
办公员工附属包1
工作流员工
AI 员工
行业扩展
已安装
仅显示已安装
按名称
按下载量
按评分
最新上架
宿主基础能力（预装员工）
 加载中…
正在拉取修茈 AI 市场目录；若已有本地目录会先显示，后台继续同步。
小C助理