# mods-loader Mod 加载与清单校验
# verified_at=2026-09-20T09:31:34.100Z
# app=1.0.0.5@9d6134d5cc37372d9e14bad83ca1fcf2ea060f56
url=http://127.0.0.1:17500/mod-store
title=能力库 - XCAGI
--- body text (head) ---
饰品包装助手
SUNBIRD
智能对话
考勤工作区
信息
智能生态
知识库
员工工作台
数据对接中心
饰品包装品管理
原材料仓库
库存管理
客户管理
订单管理
出货记录
数据来源
包装标签打印
标签模板库
系统设置
系统正常
通用考勤模块
v1.0.0.5
SUNBIRD
能力库
SUNBIRD
副窗
◈
工作区
返回 AI 生态

XCAGI · 能力库

AI 员工市场

浏览并安装 AI 员工包；分类与修茈 AI 市场同源，安装后自动上岗至企业四部门编制。

搜索
完成入驻
打开工作台
修茈市场首页
刷新目录
全部商品
宿主基础员工
办公员工包
办公员工附属包1
工作流员工
AI 员工
行业扩展
已安装
仅显示已安装
按名称
按下载量
按评分
最新上架
宿主基础能力（预装员工）

共 1 件  同步中…

宿主基础能力（预装员工）
已安装

xcagi-host-foundation-employee · v1.0.0 · 成都修茈科技有限公司

以员工包交付的通用宿主底座：安装后自动写入对话/ERP/审批/客服等 9 个 bridge Mod，无需在商店逐项安装基础设施 Mod。

员工包
企业 Mod：饰品包装行业包 + 太阳鸟 PRO + xcagi-core-workflow-employees + xcagi-office-employee-pack-bridge + wechat-contacts-ai-employee
L3 服务层
宿主基础员工
本机
卸载
详情
小C助理