# sec-e2e 端到端自动化验收
# verified_at=2026-09-20T09:41:44.940Z
# app=1.0.0.5@9d6134d5cc37372d9e14bad83ca1fcf2ea060f56
url=http://127.0.0.1:17500/console
title=模板预览 - XCAGI
--- body text (head) ---
饰品包装助手
SUNBIRD
智能对话
考勤工作区
信息
智能生态
知识库
员工工作台
数据对接中心
饰品包装品管理
原材料仓库
库存管理
客户管理
订单管理
出货记录
数据来源
包装标签打印
标签模板库
系统设置
系统正常
通用考勤模块
v1.0.0.5
SUNBIRD
模板库
SUNBIRD
副窗
◈
工作区
模板预览

展示导出用 Excel 与 Word 模板：可按业务分组管理，也可选「自定义」自由新建任意模板；Word 若有「适用业务」或可从文件名推断则归入对应分组，否则在各分组中均显示。

全部
出货明细表
出货记录管理
产品目录表
原材料仓库
客户管理
汇总统计表
销售报表
自定义
刷新
创建模板
模板替换会校验功能词条完整性：Excel 按表头/单元格词条；Word 按正文与页眉页脚中的占位符（如 {{产品型号}}）；须覆盖对应业务的全部必备词条后才允许保存。
Excel 网格映射工具
上传提取模板网格
acceptance-probe-0912 出货明细表
Excel预览
1	
	
	
	
	
	
	
	
	
	

2	
日期
	
单号
	
产品型号
	
产品名称
	
数量/件
	
规格/KG
	
数量/KG
	
单价/元
	
金额/元
	
备注

3	
45705
	
5
	
9804
	
PE白底漆
	
10
	
28
	
280
	
9
	
2520
	

4	
45705
	
5
	
W6827B
	
PE封固底漆
	
3
	
25
	
75
	
11
	
825
	

5	
45705
	
6
	
RXS525
	
PU亮光固化剂
	
5
	
20
	
100
	
17
	
1700
	

6	
45709
	
32
	
24#
	
PU哑光浅灰色漆：
	
4
	
25
	
100
	
17
	
1700
	

7	
45709
	
32
	
2