=== evidence log excerpt ===
collected_at: 2026-09-19 22:38:31  module: pay-license  item: pay-member-plan

--- C:\XCAGI-evidence-data-1.0.0.5\userData\logs\electron-backend.log (last 120 lines) ---
    |   File "starlette\middleware\exceptions.py", line 63, in __call__
    |   File "starlette\_exception_handler.py", line 53, in wrapped_app
    |   File "starlette\_exception_handler.py", line 42, in wrapped_app
    |   File "fastapi\middleware\asyncexitstack.py", line 18, in __call__
    |   File "starlette\routing.py", line 670, in __call__
    |   File "fastapi\routing.py", line 2734, in app
    |   File "fastapi\routing.py", line 1780, in handle
    |   File "fastapi\routing.py", line 2789, in handle
    |   File "fastapi\routing.py", line 1800, in _handle_selected
    |   File "fastapi\routing.py", line 1279, in handle
    |   File "fastapi\routing.py", line 158, in app
    |   File "starlette\_exception_handler.py", line 53, in wrapped_app
    |   File "starlette\_exception_handler.py", line 42, in wrapped_app
    |   File "fastapi\routing.py", line 144, in app
    |   File "fastapi\routing.py", line 706, in app
    |   File "fastapi\routing.py", line 354, in run_endpoint_function
    |   File "starlette\concurrency.py", line 34, in run_in_threadpool
    |   File "anyio\to_thread.py", line 65, in run_sync
    |   File "anyio\_backends\_asyncio.py", line 2706, in run_sync_in_worker_thread
    |   File "anyio\_backends\_asyncio.py", line 1100, in run
    |   File "C:\XCAGI-evidence-data-1.0.0.5\userData\mods\xcagi-lan-license-bridge\backend\blueprints.py", line 52, in mod_status_meta
    |     from app.mod_sdk.host_services import list_lan_facade_registry
    |   File "app\mod_sdk\host_services.py", line 442, in __getattr__
    |   File "importlib\__init__.py", line 126, in import_module
    |   File "<frozen importlib._bootstrap>", line 1204, in _gcd_import
    |   File "<frozen importlib._bootstrap>", line 1176, in _find_and_load
    |   File "<frozen importlib._bootstrap>", line 1126, in _find_and_load_unlocked
    |   File "<frozen importlib._bootstrap>", line 241, in _call_with_frames_removed
    |   File "<frozen importlib._bootstrap>", line 1204, in _gcd_import
    |   File "<frozen importlib._bootstrap>", line 1176, in _find_and_load
    |   File "<frozen importlib._bootstrap>", line 1140, in _find_and_load_unlocked
    | ModuleNotFoundError: No module named 'app.legacy.lan'
    +------------------------------------

The above exception was the direct cause of the following exception:

Traceback (most recent call last):
  File "uvicorn\protocols\http\httptools_impl.py", line 422, in run_asgi
  File "uvicorn\middleware\proxy_headers.py", line 63, in __call__
  File "fastapi\applications.py", line 1163, in __call__
  File "starlette\applications.py", line 96, in __call__
  File "starlette\middleware\errors.py", line 186, in __call__
  File "starlette\middleware\errors.py", line 164, in __call__
  File "starlette\middleware\base.py", line 193, in __call__
  File "app\fastapi_app\middleware_extra.py", line 131, in neuro_http_trace_outer
  File "app\middleware\neuro_http_trace.py", line 52, in neuro_http_trace_middleware
  File "starlette\middleware\base.py", line 168, in call_next
  File "app\middleware\neuro_http_trace.py", line 50, in neuro_http_trace_middleware
  File "starlette\middleware\base.py", line 168, in call_next
  File "starlette\middleware\base.py", line 144, in coro
  File "starlette\middleware\base.py", line 193, in __call__
  File "app\fastapi_app\middleware_extra.py", line 112, in log_requests
  File "starlette\middleware\base.py", line 168, in call_next
  File "starlette\middleware\base.py", line 144, in coro
  File "starlette\middleware\base.py", line 193, in __call__
  File "app\fastapi_app\middleware_extra.py", line 83, in http_request_context
  File "starlette\middleware\base.py", line 168, in call_next
  File "starlette\middleware\base.py", line 144, in coro
  File "starlette\middleware\base.py", line 193, in __call__
  File "app\fastapi_app\middleware_extra.py", line 60, in prometheus_http_sli
  File "starlette\middleware\base.py", line 168, in call_next
  File "starlette\middleware\base.py", line 144, in coro
  File "starlette\middleware\base.py", line 193, in __call__
  File "app\middleware\desktop_admin_gate.py", line 20, in dispatch
  File "starlette\middleware\base.py", line 168, in call_next
  File "starlette\middleware\base.py", line 144, in coro
  File "starlette\middleware\base.py", line 193, in __call__
  File "app\middleware\auth_rate_limit.py", line 66, in dispatch
  File "starlette\middleware\base.py", line 168, in call_next
  File "starlette\middleware\base.py", line 144, in coro
  File "starlette\middleware\base.py", line 193, in __call__
  File "app\middleware\global_rate_limit.py", line 49, in dispatch
  File "starlette\middleware\base.py", line 168, in call_next
  File "starlette\middleware\base.py", line 144, in coro
  File "app\security\lan_cidr_guard.py", line 137, in __call__
  File "app\security\license_guard.py", line 97, in __call__
  File "starlette\middleware\base.py", line 193, in __call__
  File "app\middleware\industry_context.py", line 179, in dispatch
  File "starlette\middleware\base.py", line 168, in call_next
  File "starlette\middleware\base.py", line 144, in coro
  File "app\infrastructure\mods\mod_auth.py", line 166, in __call__
  File "app\infrastructure\mods\mod_auth.py", line 243, in _dispatch
  File "starlette\middleware\cors.py", line 88, in __call__
  File "app\middleware\xss_sanitizer.py", line 28, in __call__
  File "app\middleware\csrf.py", line 184, in __call__
  File "app\middleware\security_headers.py", line 72, in __call__
  File "starlette\middleware\exceptions.py", line 63, in __call__
  File "starlette\_exception_handler.py", line 53, in wrapped_app
  File "starlette\_exception_handler.py", line 42, in wrapped_app
  File "fastapi\middleware\asyncexitstack.py", line 18, in __call__
  File "starlette\routing.py", line 670, in __call__
  File "fastapi\routing.py", line 2734, in app
  File "fastapi\routing.py", line 1780, in handle
  File "fastapi\routing.py", line 2789, in handle
  File "fastapi\routing.py", line 1800, in _handle_selected
  File "fastapi\routing.py", line 1279, in handle
  File "fastapi\routing.py", line 158, in app
  File "starlette\_exception_handler.py", line 53, in wrapped_app
  File "starlette\_exception_handler.py", line 42, in wrapped_app
  File "fastapi\routing.py", line 144, in app
  File "fastapi\routing.py", line 706, in app
  File "fastapi\routing.py", line 354, in run_endpoint_function
  File "starlette\concurrency.py", line 34, in run_in_threadpool
  File "anyio\to_thread.py", line 65, in run_sync
  File "anyio\_backends\_asyncio.py", line 2706, in run_sync_in_worker_thread
  File "anyio\_backends\_asyncio.py", line 1100, in run
  File "C:\XCAGI-evidence-data-1.0.0.5\userData\mods\xcagi-lan-license-bridge\backend\blueprints.py", line 52, in mod_status_meta
    from app.mod_sdk.host_services import list_lan_facade_registry
  File "app\mod_sdk\host_services.py", line 442, in __getattr__
  File "importlib\__init__.py", line 126, in import_module
  File "<frozen importlib._bootstrap>", line 1204, in _gcd_import
  File "<frozen importlib._bootstrap>", line 1176, in _find_and_load
  File "<frozen importlib._bootstrap>", line 1126, in _find_and_load_unlocked
  File "<frozen importlib._bootstrap>", line 241, in _call_with_frames_removed
  File "<frozen importlib._bootstrap>", line 1204, in _gcd_import
  File "<frozen importlib._bootstrap>", line 1176, in _find_and_load
  File "<frozen importlib._bootstrap>", line 1140, in _find_and_load_unlocked
ModuleNotFoundError: No module named 'app.legacy.lan'
[stdout] INFO:     127.0.0.1:49677 - "GET /api/health HTTP/1.1" 200 OK
[stdout] INFO:     127.0.0.1:64981 - "GET /api/desktop/status HTTP/1.1" 200 OK

--- C:\XCAGI-evidence-data-1.0.0.5\userData\autonomy\autonomy-audit-log.jsonl (last 120 lines) ---
{"action_id": "config:3cd609bda0a848909824cb93e85c836b", "action": "__configuration__", "risk_level": "LOW", "decision": "config_loaded", "approver": null, "timestamp": "2026-09-19T12:34:40.243905+00:00", "outcome": "medium_risk_policy_active", "event_type": "config", "policy": "auto_approve", "rollback_path": null, "source": "autonomy_guard.startup", "metadata": {"previous_medium_risk_policy": null, "registry_path": "C:\\XCAGI-evidence-1.0.0.5\\resources\\backend\\_internal\\config\\risk_actions.registry.json", "boundaries_path": "C:\\XCAGI-evidence-1.0.0.5\\resources\\backend\\_internal\\config\\autonomy_boundaries.yaml"}, "id": 1}

--- C:\XCAGI-evidence-data-1.0.0.5\userData\autonomy\truth.jsonl (last 120 lines) ---
{"ts":1789828115691,"backend":{"pid":23828,"running":true,"startedAt":1789821384174},"port_in_use":false,"disk_usage_percent":79,"config_fingerprint_changed":false,"pending_rollback_marker":false,"last_backup_ts":1789821299062.3997,"app_version":"1.0.0","build_sha":"54325894cc6e3fc2becfcbc98697a099310d9420","restart_count":0,"neurobus":{"available":false,"circuit_open":false,"dlq_size":0}}
{"ts":1789828120696,"backend":{"pid":23828,"running":true,"startedAt":1789821384174},"port_in_use":false,"disk_usage_percent":79,"config_fingerprint_changed":false,"pending_rollback_marker":false,"last_backup_ts":1789821299062.3997,"app_version":"1.0.0","build_sha":"54325894cc6e3fc2becfcbc98697a099310d9420","restart_count":0,"neurobus":{"available":false,"circuit_open":false,"dlq_size":0}}
{"ts":1789828125727,"backend":{"pid":23828,"running":true,"startedAt":1789821384174},"port_in_use":false,"disk_usage_percent":79,"config_fingerprint_changed":false,"pending_rollback_marker":false,"last_backup_ts":1789821299062.3997,"app_version":"1.0.0","build_sha":"54325894cc6e3fc2becfcbc98697a099310d9420","restart_count":0,"neurobus":{"available":false,"circuit_open":false,"dlq_size":0}}
{"ts":1789828130728,"backend":{"pid":23828,"running":true,"startedAt":1789821384174},"port_in_use":false,"disk_usage_percent":79,"config_fingerprint_changed":false,"pending_rollback_marker":false,"last_backup_ts":1789821299062.3997,"app_version":"1.0.0","build_sha":"54325894cc6e3fc2becfcbc98697a099310d9420","restart_count":0,"neurobus":{"available":false,"circuit_open":false,"dlq_size":0}}
{"ts":1789828135746,"backend":{"pid":23828,"running":true,"startedAt":1789821384174},"port_in_use":false,"disk_usage_percent":79,"config_fingerprint_changed":false,"pending_rollback_marker":false,"last_backup_ts":1789821299062.3997,"app_version":"1.0.0","build_sha":"54325894cc6e3fc2becfcbc98697a099310d9420","restart_count":0,"neurobus":{"available":false,"circuit_open":false,"dlq_size":0}}
{"ts":1789828140737,"backend":{"pid":23828,"running":true,"startedAt":1789821384174},"port_in_use":false,"disk_usage_percent":79,"config_fingerprint_changed":false,"pending_rollback_marker":false,"last_backup_ts":1789821299062.3997,"app_version":"1.0.0","build_sha":"54325894cc6e3fc2becfcbc98697a099310d9420","restart_count":0,"neurobus":{"available":false,"circuit_open":false,"dlq_size":0}}
{"ts":1789828145744,"backend":{"pid":23828,"running":true,"startedAt":1789821384174},"port_in_use":false,"disk_usage_percent":79,"config_fingerprint_changed":false,"pending_rollback_marker":false,"last_backup_ts":1789821299062.3997,"app_version":"1.0.0","build_sha":"54325894cc6e3fc2becfcbc98697a099310d9420","restart_count":0,"neurobus":{"available":false,"circuit_open":false,"dlq_size":0}}
{"ts":1789828150756,"backend":{"pid":23828,"running":true,"startedAt":1789821384174},"port_in_use":false,"disk_usage_percent":79,"config_fingerprint_changed":false,"pending_rollback_marker":false,"last_backup_ts":1789821299062.3997,"app_version":"1.0.0","build_sha":"54325894cc6e3fc2becfcbc98697a099310d9420","restart_count":0,"neurobus":{"available":false,"circuit_open":false,"dlq_size":0}}
{"ts":1789828155766,"backend":{"pid":23828,"running":true,"startedAt":1789821384174},"port_in_use":false,"disk_usage_percent":79,"config_fingerprint_changed":false,"pending_rollback_marker":false,"last_backup_ts":1789821299062.3997,"app_version":"1.0.0","build_sha":"54325894cc6e3fc2becfcbc98697a099310d9420","restart_count":0,"neurobus":{"available":false,"circuit_open":false,"dlq_size":0}}
{"ts":1789828160793,"backend":{"pid":23828,"running":true,"startedAt":1789821384174},"port_in_use":false,"disk_usage_percent":79,"config_fingerprint_changed":false,"pending_rollback_marker":false,"last_backup_ts":1789821299062.3997,"app_version":"1.0.0","build_sha":"54325894cc6e3fc2becfcbc98697a099310d9420","restart_count":0,"neurobus":{"available":false,"circuit_open":false,"dlq_size":0}}
{"ts":1789828165787,"backend":{"pid":23828,"running":true,"startedAt":1789821384174},"port_in_use":false,"disk_usage_percent":79,"config_fingerprint_changed":false,"pending_rollback_marker":false,"last_backup_ts":1789821299062.3997,"app_version":"1.0.0","build_sha":"54325894cc6e3fc2becfcbc98697a099310d9420","restart_count":0,"neurobus":{"available":false,"circuit_open":false,"dlq_size":0}}
{"ts":1789828170792,"backend":{"pid":23828,"running":true,"startedAt":1789821384174},"port_in_use":false,"disk_usage_percent":79,"config_fingerprint_changed":false,"pending_rollback_marker":false,"last_backup_ts":1789821299062.3997,"app_version":"1.0.0","build_sha":"54325894cc6e3fc2becfcbc98697a099310d9420","restart_count":0,"neurobus":{"available":false,"circuit_open":false,"dlq_size":0}}
{"ts":1789828175821,"backend":{"pid":23828,"running":true,"startedAt":1789821384174},"port_in_use":false,"disk_usage_percent":79,"config_fingerprint_changed":false,"pending_rollback_marker":false,"last_backup_ts":1789821299062.3997,"app_version":"1.0.0","build_sha":"54325894cc6e3fc2becfcbc98697a099310d9420","restart_count":0,"neurobus":{"available":false,"circuit_open":false,"dlq_size":0}}
{"ts":1789828180801,"backend":{"pid":23828,"running":true,"startedAt":1789821384174},"port_in_use":false,"disk_usage_percent":79,"config_fingerprint_changed":false,"pending_rollback_marker":false,"last_backup_ts":1789821299062.3997,"app_version":"1.0.0","build_sha":"54325894cc6e3fc2becfcbc98697a099310d9420","restart_count":0,"neurobus":{"available":false,"circuit_open":false,"dlq_size":0}}
{"ts":1789828185820,"backend":{"pid":23828,"running":true,"startedAt":1789821384174},"port_in_use":false,"disk_usage_percent":79,"config_fingerprint_changed":false,"pending_rollback_marker":false,"last_backup_ts":1789821299062.3997,"app_version":"1.0.0","build_sha":"54325894cc6e3fc2becfcbc98697a099310d9420","restart_count":0,"neurobus":{"available":false,"circuit_open":false,"dlq_size":0}}
{"ts":1789828190806,"backend":{"pid":23828,"running":true,"startedAt":1789821384174},"port_in_use":false,"disk_usage_percent":79,"config_fingerprint_changed":false,"pending_rollback_marker":false,"last_backup_ts":1789821299062.3997,"app_version":"1.0.0","build_sha":"54325894cc6e3fc2becfcbc98697a099310d9420","restart_count":0,"neurobus":{"available":false,"circuit_open":false,"dlq_size":0}}
{"ts":1789828195822,"backend":{"pid":23828,"running":true,"startedAt":1789821384174},"port_in_use":false,"disk_usage_percent":79,"config_fingerprint_changed":false,"pending_rollback_marker":false,"last_backup_ts":1789821299062.3997,"app_version":"1.0.0","build_sha":"54325894cc6e3fc2becfcbc98697a099310d9420","restart_count":0,"neurobus":{"available":false,"circuit_open":false,"dlq_size":0}}
{"ts":1789828200831,"backend":{"pid":23828,"running":true,"startedAt":1789821384174},"port_in_use":false,"disk_usage_percent":79,"config_fingerprint_changed":false,"pending_rollback_marker":false,"last_backup_ts":1789821299062.3997,"app_version":"1.0.0","build_sha":"54325894cc6e3fc2becfcbc98697a099310d9420","restart_count":0,"neurobus":{"available":false,"circuit_open":false,"dlq_size":0}}
{"ts":1789828205825,"backend":{"pid":23828,"running":true,"startedAt":1789821384174},"port_in_use":false,"disk_usage_percent":79,"config_fingerprint_changed":false,"pending_rollback_marker":false,"last_backup_ts":1789821299062.3997,"app_version":"1.0.0","build_sha":"54325894cc6e3fc2becfcbc98697a099310d9420","restart_count":0,"neurobus":{"available":false,"circuit_open":false,"dlq_size":0}}
{"ts":1789828210840,"backend":{"pid":23828,"running":true,"startedAt":1789821384174},"port_in_use":false,"disk_usage_percent":79,"config_fingerprint_changed":false,"pending_rollback_marker":false,"last_backup_ts":1789821299062.3997,"app_version":"1.0.0","build_sha":"54325894cc6e3fc2becfcbc98697a099310d9420","restart_count":0,"neurobus":{"available":false,"circuit_open":false,"dlq_size":0}}
{"ts":1789828215840,"backend":{"pid":23828,"running":true,"startedAt":1789821384174},"port_in_use":false,"disk_usage_percent":79,"config_fingerprint_changed":false,"pending_rollback_marker":false,"last_backup_ts":1789821299062.3997,"app_version":"1.0.0","build_sha":"54325894cc6e3fc2becfcbc98697a099310d9420","restart_count":0,"neurobus":{"available":false,"circuit_open":false,"dlq_size":0}}
{"ts":1789828220845,"backend":{"pid":23828,"running":true,"startedAt":1789821384174},"port_in_use":false,"disk_usage_percent":79,"config_fingerprint_changed":false,"pending_rollback_marker":false,"last_backup_ts":1789821299062.3997,"app_version":"1.0.0","build_sha":"54325894cc6e3fc2becfcbc98697a099310d9420","restart_count":0,"neurobus":{"available":false,"circuit_open":false,"dlq_size":0}}
{"ts":1789828225863,"backend":{"pid":23828,"running":true,"startedAt":1789821384174},"port_in_use":false,"disk_usage_percent":79,"config_fingerprint_changed":false,"pending_rollback_marker":false,"last_backup_ts":1789821299062.3997,"app_version":"1.0.0","build_sha":"54325894cc6e3fc2becfcbc98697a099310d9420","restart_count":0,"neurobus":{"available":false,"circuit_open":false,"dlq_size":0}}
{"ts":1789828230864,"backend":{"pid":23828,"running":true,"startedAt":1789821384174},"port_in_use":false,"disk_usage_percent":79,"config_fingerprint_changed":false,"pending_rollback_marker":false,"last_backup_ts":1789821299062.3997,"app_version":"1.0.0","build_sha":"54325894cc6e3fc2becfcbc98697a099310d9420","restart_count":0,"neurobus":{"available":false,"circuit_open":false,"dlq_size":0}}
{"ts":1789828235870,"backend":{"pid":23828,"running":true,"startedAt":1789821384174},"port_in_use":false,"disk_usage_percent":79,"config_fingerprint_changed":false,"pending_rollback_marker":false,"last_backup_ts":1789821299062.3997,"app_version":"1.0.0","build_sha":"54325894cc6e3fc2becfcbc98697a099310d9420","restart_count":0,"neurobus":{"available":false,"circuit_open":false,"dlq_size":0}}
{"ts":1789828240880,"backend":{"pid":23828,"running":true,"startedAt":1789821384174},"port_in_use":false,"disk_usage_percent":79,"config_fingerprint_changed":false,"pending_rollback_marker":false,"last_backup_ts":1789821299062.3997,"app_version":"1.0.0","build_sha":"54325894cc6e3fc2becfcbc98697a099310d9420","restart_count":0,"neurobus":{"available":false,"circuit_open":false,"dlq_size":0}}
{"ts":1789828245930,"backend":{"pid":23828,"running":true,"startedAt":1789821384174},"port_in_use":false,"disk_usage_percent":79,"config_fingerprint_changed":false,"pending_rollback_marker":false,"last_backup_ts":1789821299062.3997,"app_version":"1.0.0","build_sha":"54325894cc6e3fc2becfcbc98697a099310d9420","restart_count":0,"neurobus":{"available":false,"circuit_open":false,"dlq_size":0}}
{"ts":1789828250905,"backend":{"pid":23828,"running":true,"startedAt":1789821384174},"port_in_use":false,"disk_usage_percent":79,"config_fingerprint_changed":false,"pending_rollback_marker":false,"last_backup_ts":1789821299062.3997,"app_version":"1.0.0","build_sha":"54325894cc6e3fc2becfcbc98697a099310d9420","restart_count":0,"neurobus":{"available":false,"circuit_open":false,"dlq_size":0}}
{"ts":1789828255915,"backend":{"pid":23828,"running":true,"startedAt":1789821384174},"port_in_use":false,"disk_usage_percent":79,"config_fingerprint_changed":false,"pending_rollback_marker":false,"last_backup_ts":1789821299062.3997,"app_version":"1.0.0","build_sha":"54325894cc6e3fc2becfcbc98697a099310d9420","restart_count":0,"neurobus":{"available":false,"circuit_open":false,"dlq_size":0}}
{"ts":1789828260943,"backend":{"pid":23828,"running":true,"startedAt":1789821384174},"port_in_use":false,"disk_usage_percent":79,"config_fingerprint_changed":false,"pending_rollback_marker":false,"last_backup_ts":1789821299062.3997,"app_version":"1.0.0","build_sha":"54325894cc6e3fc2becfcbc98697a099310d9420","restart_count":0,"neurobus":{"available":false,"circuit_open":false,"dlq_size":0}}
{"ts":1789828265947,"backend":{"pid":23828,"running":true,"startedAt":1789821384174},"port_in_use":false,"disk_usage_percent":79,"config_fingerprint_changed":false,"pending_rollback_marker":false,"last_backup_ts":1789821299062.3997,"app_version":"1.0.0","build_sha":"54325894cc6e3fc2becfcbc98697a099310d9420","restart_count":0,"neurobus":{"available":false,"circuit_open":false,"dlq_size":0}}
{"ts":1789828270943,"backend":{"pid":23828,"running":true,"startedAt":1789821384174},"port_in_use":false,"disk_usage_percent":79,"config_fingerprint_changed":false,"pending_rollback_marker":false,"last_backup_ts":1789821299062.3997,"app_version":"1.0.0","build_sha":"54325894cc6e3fc2becfcbc98697a099310d9420","restart_count":0,"neurobus":{"available":false,"circuit_open":false,"dlq_size":0}}
{"ts":1789828275981,"backend":{"pid":23828,"running":true,"startedAt":1789821384174},"port_in_use":false,"disk_usage_percent":79,"config_fingerprint_changed":false,"pending_rollback_marker":false,"last_backup_ts":1789821299062.3997,"app_version":"1.0.0","build_sha":"54325894cc6e3fc2becfcbc98697a099310d9420","restart_count":0,"neurobus":{"available":false,"circuit_open":false,"dlq_size":0}}
{"ts":1789828280957,"backend":{"pid":23828,"running":true,"startedAt":1789821384174},"port_in_use":false,"disk_usage_percent":79,"config_fingerprint_changed":false,"pending_rollback_marker":false,"last_backup_ts":1789821299062.3997,"app_version":"1.0.0","build_sha":"54325894cc6e3fc2becfcbc98697a099310d9420","restart_count":0,"neurobus":{"available":false,"circuit_open":false,"dlq_size":0}}
{"ts":1789828285960,"backend":{"pid":23828,"running":true,"startedAt":1789821384174},"port_in_use":false,"disk_usage_percent":79,"config_fingerprint_changed":false,"pending_rollback_marker":false,"last_backup_ts":1789821299062.3997,"app_version":"1.0.0","build_sha":"54325894cc6e3fc2becfcbc98697a099310d9420","restart_count":0,"neurobus":{"available":false,"circuit_open":false,"dlq_size":0}}
{"ts":1789828290978,"backend":{"pid":23828,"running":true,"startedAt":1789821384174},"port_in_use":false,"disk_usage_percent":79,"config_fingerprint_changed":false,"pending_rollback_marker":false,"last_backup_ts":1789821299062.3997,"app_version":"1.0.0","build_sha":"54325894cc6e3fc2becfcbc98697a099310d9420","restart_count":0,"neurobus":{"available":false,"circuit_open":false,"dlq_size":0}}
{"ts":1789828295977,"backend":{"pid":23828,"running":true,"startedAt":1789821384174},"port_in_use":false,"disk_usage_percent":79,"config_fingerprint_changed":false,"pending_rollback_marker":false,"last_backup_ts":1789821299062.3997,"app_version":"1.0.0","build_sha":"54325894cc6e3fc2becfcbc98697a099310d9420","restart_count":0,"neurobus":{"available":false,"circuit_open":false,"dlq_size":0}}
{"ts":1789828300982,"backend":{"pid":23828,"running":true,"startedAt":1789821384174},"port_in_use":false,"disk_usage_percent":79,"config_fingerprint_changed":false,"pending_rollback_marker":false,"last_backup_ts":1789821299062.3997,"app_version":"1.0.0","build_sha":"54325894cc6e3fc2becfcbc98697a099310d9420","restart_count":0,"neurobus":{"available":false,"circuit_open":false,"dlq_size":0}}
{"ts":1789828305979,"backend":{"pid":23828,"running":true,"startedAt":1789821384174},"port_in_use":false,"disk_usage_percent":79,"config_fingerprint_changed":false,"pending_rollback_marker":false,"last_backup_ts":1789821299062.3997,"app_version":"1.0.0","build_sha":"54325894cc6e3fc2becfcbc98697a099310d9420","restart_count":0,"neurobus":{"available":false,"circuit_open":false,"dlq_size":0}}
{"ts":1789828310994,"backend":{"pid":23828,"running":true,"startedAt":1789821384174},"port_in_use":false,"disk_usage_percent":79,"config_fingerprint_changed":false,"pending_rollback_marker":false,"last_backup_ts":1789821299062.3997,"app_version":"1.0.0","build_sha":"54325894cc6e3fc2becfcbc98697a099310d9420","restart_count":0,"neurobus":{"available":false,"circuit_open":false,"dlq_size":0}}
{"ts":1789828315993,"backend":{"pid":23828,"running":true,"startedAt":1789821384174},"port_in_use":false,"disk_usage_percent":79,"config_fingerprint_changed":false,"pending_rollback_marker":false,"last_backup_ts":1789821299062.3997,"app_version":"1.0.0","build_sha":"54325894cc6e3fc2becfcbc98697a099310d9420","restart_count":0,"neurobus":{"available":false,"circuit_open":false,"dlq_size":0}}
{"ts":1789828321003,"backend":{"pid":23828,"running":true,"startedAt":1789821384174},"port_in_use":false,"disk_usage_percent":79,"config_fingerprint_changed":false,"pending_rollback_marker":false,"last_backup_ts":1789821299062.3997,"app_version":"1.0.0","build_sha":"54325894cc6e3fc2becfcbc98697a099310d9420","restart_count":0,"neurobus":{"available":false,"circuit_open":false,"dlq_size":0}}
{"ts":1789828326015,"backend":{"pid":23828,"running":true,"startedAt":1789821384174},"port_in_use":false,"disk_usage_percent":79,"config_fingerprint_changed":false,"pending_rollback_marker":false,"last_backup_ts":1789821299062.3997,"app_version":"1.0.0","build_sha":"54325894cc6e3fc2becfcbc98697a099310d9420","restart_count":0,"neurobus":{"available":false,"circuit_open":false,"dlq_size":0}}
{"ts":1789828331022,"backend":{"pid":23828,"running":true,"startedAt":1789821384174},"port_in_use":false,"disk_usage_percent":79,"config_fingerprint_changed":false,"pending_rollback_marker":false,"last_backup_ts":1789821299062.3997,"app_version":"1.0.0","build_sha":"54325894cc6e3fc2becfcbc98697a099310d9420","restart_count":0,"neurobus":{"available":false,"circuit_open":false,"dlq_size":0}}
{"ts":1789828336040,"backend":{"pid":23828,"running":true,"startedAt":1789821384174},"port_in_use":false,"disk_usage_percent":79,"config_fingerprint_changed":false,"pending_rollback_marker":false,"last_backup_ts":1789821299062.3997,"app_version":"1.0.0","build_sha":"54325894cc6e3fc2becfcbc98697a099310d9420","restart_count":0,"neurobus":{"available":false,"circuit_open":false,"dlq_size":0}}
{"ts":1789828341031,"backend":{"pid":23828,"running":true,"startedAt":1789821384174},"port_in_use":false,"disk_usage_percent":79,"config_fingerprint_changed":false,"pending_rollback_marker":false,"last_backup_ts":1789821299062.3997,"app_version":"1.0.0","build_sha":"54325894cc6e3fc2becfcbc98697a099310d9420","restart_count":0,"neurobus":{"available":false,"circuit_open":false,"dlq_size":0}}
{"ts":1789828346051,"backend":{"pid":23828,"running":true,"startedAt":1789821384174},"port_in_use":false,"disk_usage_percent":79,"config_fingerprint_changed":false,"pending_rollback_marker":false,"last_backup_ts":1789821299062.3997,"app_version":"1.0.0","build_sha":"54325894cc6e3fc2becfcbc98697a099310d9420","restart_count":0,"neurobus":{"available":false,"circuit_open":false,"dlq_size":0}}
{"ts":1789828351058,"backend":{"pid":23828,"running":true,"startedAt":1789821384174},"port_in_use":false,"disk_usage_percent":79,"config_fingerprint_changed":false,"pending_rollback_marker":false,"last_backup_ts":1789821299062.3997,"app_version":"1.0.0","build_sha":"54325894cc6e3fc2becfcbc98697a099310d9420","restart_count":0,"neurobus":{"available":false,"circuit_open":false,"dlq_size":0}}
{"ts":1789828356073,"backend":{"pid":23828,"running":true,"startedAt":1789821384174},"port_in_use":false,"disk_usage_percent":79,"config_fingerprint_changed":false,"pending_rollback_marker":false,"last_backup_ts":1789821299062.3997,"app_version":"1.0.0","build_sha":"54325894cc6e3fc2becfcbc98697a099310d9420","restart_count":0,"neurobus":{"available":false,"circuit_open":false,"dlq_size":0}}
{"ts":1789828361071,"backend":{"pid":23828,"running":true,"startedAt":1789821384174},"port_in_use":false,"disk_usage_percent":79,"config_fingerprint_changed":false,"pending_rollback_marker":false,"last_backup_ts":1789821299062.3997,"app_version":"1.0.0","build_sha":"54325894cc6e3fc2becfcbc98697a099310d9420","restart_count":0,"neurobus":{"available":false,"circuit_open":false,"dlq_size":0}}
{"ts":1789828366083,"backend":{"pid":23828,"running":true,"startedAt":1789821384174},"port_in_use":false,"disk_usage_percent":79,"config_fingerprint_changed":false,"pending_rollback_marker":false,"last_backup_ts":1789821299062.3997,"app_version":"1.0.0","build_sha":"54325894cc6e3fc2becfcbc98697a099310d9420","restart_count":0,"neurobus":{"available":false,"circuit_open":false,"dlq_size":0}}
{"ts":1789828371082,"backend":{"pid":23828,"running":true,"startedAt":1789821384174},"port_in_use":false,"disk_usage_percent":79,"config_fingerprint_changed":false,"pending_rollback_marker":false,"last_backup_ts":1789821299062.3997,"app_version":"1.0.0","build_sha":"54325894cc6e3fc2becfcbc98697a099310d9420","restart_count":0,"neurobus":{"available":false,"circuit_open":false,"dlq_size":0}}
{"ts":1789828376092,"backend":{"pid":23828,"running":true,"startedAt":1789821384174},"port_in_use":false,"disk_usage_percent":79,"config_fingerprint_changed":false,"pending_rollback_marker":false,"last_backup_ts":1789821299062.3997,"app_version":"1.0.0","build_sha":"54325894cc6e3fc2becfcbc98697a099310d9420","restart_count":0,"neurobus":{"available":false,"circuit_open":false,"dlq_size":0}}
{"ts":1789828381124,"backend":{"pid":23828,"running":true,"startedAt":1789821384174},"port_in_use":false,"disk_usage_percent":79,"config_fingerprint_changed":false,"pending_rollback_marker":false,"last_backup_ts":1789821299062.3997,"app_version":"1.0.0","build_sha":"54325894cc6e3fc2becfcbc98697a099310d9420","restart_count":0,"neurobus":{"available":false,"circuit_open":false,"dlq_size":0}}
{"ts":1789828386138,"backend":{"pid":23828,"running":true,"startedAt":1789821384174},"port_in_use":false,"disk_usage_percent":79,"config_fingerprint_changed":false,"pending_rollback_marker":false,"last_backup_ts":1789821299062.3997,"app_version":"1.0.0","build_sha":"54325894cc6e3fc2becfcbc98697a099310d9420","restart_count":0,"neurobus":{"available":false,"circuit_open":false,"dlq_size":0}}
{"ts":1789828391136,"backend":{"pid":23828,"running":true,"startedAt":1789821384174},"port_in_use":false,"disk_usage_percent":79,"config_fingerprint_changed":false,"pending_rollback_marker":false,"last_backup_ts":1789821299062.3997,"app_version":"1.0.0","build_sha":"54325894cc6e3fc2becfcbc98697a099310d9420","restart_count":0,"neurobus":{"available":false,"circuit_open":false,"dlq_size":0}}
{"ts":1789828396141,"backend":{"pid":23828,"running":true,"startedAt":1789821384174},"port_in_use":false,"disk_usage_percent":79,"config_fingerprint_changed":false,"pending_rollback_marker":false,"last_backup_ts":1789821299062.3997,"app_version":"1.0.0","build_sha":"54325894cc6e3fc2becfcbc98697a099310d9420","restart_count":0,"neurobus":{"available":false,"circuit_open":false,"dlq_size":0}}
{"ts":1789828401149,"backend":{"pid":23828,"running":true,"startedAt":1789821384174},"port_in_use":false,"disk_usage_percent":79,"config_fingerprint_changed":false,"pending_rollback_marker":false,"last_backup_ts":1789821299062.3997,"app_version":"1.0.0","build_sha":"54325894cc6e3fc2becfcbc98697a099310d9420","restart_count":0,"neurobus":{"available":false,"circuit_open":false,"dlq_size":0}}
{"ts":1789828406148,"backend":{"pid":23828,"running":true,"startedAt":1789821384174},"port_in_use":false,"disk_usage_percent":79,"config_fingerprint_changed":false,"pending_rollback_marker":false,"last_backup_ts":1789821299062.3997,"app_version":"1.0.0","build_sha":"54325894cc6e3fc2becfcbc98697a099310d9420","restart_count":0,"neurobus":{"available":false,"circuit_open":false,"dlq_size":0}}
{"ts":1789828411166,"backend":{"pid":23828,"running":true,"startedAt":1789821384174},"port_in_use":false,"disk_usage_percent":79,"config_fingerprint_changed":false,"pending_rollback_marker":false,"last_backup_ts":1789821299062.3997,"app_version":"1.0.0","build_sha":"54325894cc6e3fc2becfcbc98697a099310d9420","restart_count":0,"neurobus":{"available":false,"circuit_open":false,"dlq_size":0}}
{"ts":1789828416159,"backend":{"pid":23828,"running":true,"startedAt":1789821384174},"port_in_use":false,"disk_usage_percent":79,"config_fingerprint_changed":false,"pending_rollback_marker":false,"last_backup_ts":1789821299062.3997,"app_version":"1.0.0","build_sha":"54325894cc6e3fc2becfcbc98697a099310d9420","restart_count":0,"neurobus":{"available":false,"circuit_open":false,"dlq_size":0}}
{"ts":1789828421167,"backend":{"pid":23828,"running":true,"startedAt":1789821384174},"port_in_use":false,"disk_usage_percent":79,"config_fingerprint_changed":false,"pending_rollback_marker":false,"last_backup_ts":1789821299062.3997,"app_version":"1.0.0","build_sha":"54325894cc6e3fc2becfcbc98697a099310d9420","restart_count":0,"neurobus":{"available":false,"circuit_open":false,"dlq_size":0}}
{"ts":1789828426180,"backend":{"pid":23828,"running":true,"startedAt":1789821384174},"port_in_use":false,"disk_usage_percent":79,"config_fingerprint_changed":false,"pending_rollback_marker":false,"last_backup_ts":1789821299062.3997,"app_version":"1.0.0","build_sha":"54325894cc6e3fc2becfcbc98697a099310d9420","restart_count":0,"neurobus":{"available":false,"circuit_open":false,"dlq_size":0}}
{"ts":1789828431219,"backend":{"pid":23828,"running":true,"startedAt":1789821384174},"port_in_use":false,"disk_usage_percent":79,"config_fingerprint_changed":false,"pending_rollback_marker":false,"last_backup_ts":1789821299062.3997,"app_version":"1.0.0","build_sha":"54325894cc6e3fc2becfcbc98697a099310d9420","restart_count":0,"neurobus":{"available":false,"circuit_open":false,"dlq_size":0}}
{"ts":1789828436202,"backend":{"pid":23828,"running":true,"startedAt":1789821384174},"port_in_use":false,"disk_usage_percent":79,"config_fingerprint_changed":false,"pending_rollback_marker":false,"last_backup_ts":1789821299062.3997,"app_version":"1.0.0","build_sha":"54325894cc6e3fc2becfcbc98697a099310d9420","restart_count":0,"neurobus":{"available":false,"circuit_open":false,"dlq_size":0}}
{"ts":1789828441212,"backend":{"pid":23828,"running":true,"startedAt":1789821384174},"port_in_use":false,"disk_usage_percent":79,"config_fingerprint_changed":false,"pending_rollback_marker":false,"last_backup_ts":1789821299062.3997,"app_version":"1.0.0","build_sha":"54325894cc6e3fc2becfcbc98697a099310d9420","restart_count":0,"neurobus":{"available":false,"circuit_open":false,"dlq_size":0}}
{"ts":1789828446213,"backend":{"pid":23828,"running":true,"startedAt":1789821384174},"port_in_use":false,"disk_usage_percent":79,"config_fingerprint_changed":false,"pending_rollback_marker":false,"last_backup_ts":1789821299062.3997,"app_version":"1.0.0","build_sha":"54325894cc6e3fc2becfcbc98697a099310d9420","restart_count":0,"neurobus":{"available":false,"circuit_open":false,"dlq_size":0}}
{"ts":1789828451219,"backend":{"pid":23828,"running":true,"startedAt":1789821384174},"port_in_use":false,"disk_usage_percent":79,"config_fingerprint_changed":false,"pending_rollback_marker":false,"last_backup_ts":1789821299062.3997,"app_version":"1.0.0","build_sha":"54325894cc6e3fc2becfcbc98697a099310d9420","restart_count":0,"neurobus":{"available":false,"circuit_open":false,"dlq_size":0}}
{"ts":1789828456226,"backend":{"pid":23828,"running":true,"startedAt":1789821384174},"port_in_use":false,"disk_usage_percent":79,"config_fingerprint_changed":false,"pending_rollback_marker":false,"last_backup_ts":1789821299062.3997,"app_version":"1.0.0","build_sha":"54325894cc6e3fc2becfcbc98697a099310d9420","restart_count":0,"neurobus":{"available":false,"circuit_open":false,"dlq_size":0}}
{"ts":1789828461239,"backend":{"pid":23828,"running":true,"startedAt":1789821384174},"port_in_use":false,"disk_usage_percent":79,"config_fingerprint_changed":false,"pending_rollback_marker":false,"last_backup_ts":1789821299062.3997,"app_version":"1.0.0","build_sha":"54325894cc6e3fc2becfcbc98697a099310d9420","restart_count":0,"neurobus":{"available":false,"circuit_open":false,"dlq_size":0}}
{"ts":1789828466259,"backend":{"pid":23828,"running":true,"startedAt":1789821384174},"port_in_use":false,"disk_usage_percent":79,"config_fingerprint_changed":false,"pending_rollback_marker":false,"last_backup_ts":1789821299062.3997,"app_version":"1.0.0","build_sha":"54325894cc6e3fc2becfcbc98697a099310d9420","restart_count":0,"neurobus":{"available":false,"circuit_open":false,"dlq_size":0}}
{"ts":1789828471266,"backend":{"pid":23828,"running":true,"startedAt":1789821384174},"port_in_use":false,"disk_usage_percent":79,"config_fingerprint_changed":false,"pending_rollback_marker":false,"last_backup_ts":1789821299062.3997,"app_version":"1.0.0","build_sha":"54325894cc6e3fc2becfcbc98697a099310d9420","restart_count":0,"neurobus":{"available":false,"circuit_open":false,"dlq_size":0}}
{"ts":1789828476282,"backend":{"pid":23828,"running":true,"startedAt":1789821384174},"port_in_use":false,"disk_usage_percent":79,"config_fingerprint_changed":false,"pending_rollback_marker":false,"last_backup_ts":1789821299062.3997,"app_version":"1.0.0","build_sha":"54325894cc6e3fc2becfcbc98697a099310d9420","restart_count":0,"neurobus":{"available":false,"circuit_open":false,"dlq_size":0}}
{"ts":1789828481283,"backend":{"pid":23828,"running":true,"startedAt":1789821384174},"port_in_use":false,"disk_usage_percent":79,"config_fingerprint_changed":false,"pending_rollback_marker":false,"last_backup_ts":1789821299062.3997,"app_version":"1.0.0","build_sha":"54325894cc6e3fc2becfcbc98697a099310d9420","restart_count":0,"neurobus":{"available":false,"circuit_open":false,"dlq_size":0}}
{"ts":1789828486298,"backend":{"pid":23828,"running":true,"startedAt":1789821384174},"port_in_use":false,"disk_usage_percent":79,"config_fingerprint_changed":false,"pending_rollback_marker":false,"last_backup_ts":1789821299062.3997,"app_version":"1.0.0","build_sha":"54325894cc6e3fc2becfcbc98697a099310d9420","restart_count":0,"neurobus":{"available":false,"circuit_open":false,"dlq_size":0}}
{"ts":1789828491304,"backend":{"pid":23828,"running":true,"startedAt":1789821384174},"port_in_use":false,"disk_usage_percent":79,"config_fingerprint_changed":false,"pending_rollback_marker":false,"last_backup_ts":1789821299062.3997,"app_version":"1.0.0","build_sha":"54325894cc6e3fc2becfcbc98697a099310d9420","restart_count":0,"neurobus":{"available":false,"circuit_open":false,"dlq_size":0}}
{"ts":1789828496313,"backend":{"pid":23828,"running":true,"startedAt":1789821384174},"port_in_use":false,"disk_usage_percent":79,"config_fingerprint_changed":false,"pending_rollback_marker":false,"last_backup_ts":1789821299062.3997,"app_version":"1.0.0","build_sha":"54325894cc6e3fc2becfcbc98697a099310d9420","restart_count":0,"neurobus":{"available":false,"circuit_open":false,"dlq_size":0}}
{"ts":1789828501334,"backend":{"pid":23828,"running":true,"startedAt":1789821384174},"port_in_use":false,"disk_usage_percent":79,"config_fingerprint_changed":false,"pending_rollback_marker":false,"last_backup_ts":1789821299062.3997,"app_version":"1.0.0","build_sha":"54325894cc6e3fc2becfcbc98697a099310d9420","restart_count":0,"neurobus":{"available":false,"circuit_open":false,"dlq_size":0}}
{"ts":1789828506325,"backend":{"pid":23828,"running":true,"startedAt":1789821384174},"port_in_use":false,"disk_usage_percent":79,"config_fingerprint_changed":false,"pending_rollback_marker":false,"last_backup_ts":1789821299062.3997,"app_version":"1.0.0","build_sha":"54325894cc6e3fc2becfcbc98697a099310d9420","restart_count":0,"neurobus":{"available":false,"circuit_open":false,"dlq_size":0}}
{"ts":1789828511341,"backend":{"pid":23828,"running":true,"startedAt":1789821384174},"port_in_use":false,"disk_usage_percent":79,"config_fingerprint_changed":false,"pending_rollback_marker":false,"last_backup_ts":1789821299062.3997,"app_version":"1.0.0","build_sha":"54325894cc6e3fc2becfcbc98697a099310d9420","restart_count":0,"neurobus":{"available":false,"circuit_open":false,"dlq_size":0}}
{"ts":1789828516386,"backend":{"pid":23828,"running":true,"startedAt":1789821384174},"port_in_use":false,"disk_usage_percent":79,"config_fingerprint_changed":false,"pending_rollback_marker":false,"last_backup_ts":1789821299062.3997,"app_version":"1.0.0","build_sha":"54325894cc6e3fc2becfcbc98697a099310d9420","restart_count":0,"neurobus":{"available":false,"circuit_open":false,"dlq_size":0}}
{"ts":1789828521366,"backend":{"pid":23828,"running":true,"startedAt":1789821384174},"port_in_use":false,"disk_usage_percent":79,"config_fingerprint_changed":false,"pending_rollback_marker":false,"last_backup_ts":1789821299062.3997,"app_version":"1.0.0","build_sha":"54325894cc6e3fc2becfcbc98697a099310d9420","restart_count":0,"neurobus":{"available":false,"circuit_open":false,"dlq_size":0}}
{"ts":1789828526369,"backend":{"pid":23828,"running":true,"startedAt":1789821384174},"port_in_use":false,"disk_usage_percent":79,"config_fingerprint_changed":false,"pending_rollback_marker":false,"last_backup_ts":1789821299062.3997,"app_version":"1.0.0","build_sha":"54325894cc6e3fc2becfcbc98697a099310d9420","restart_count":0,"neurobus":{"available":false,"circuit_open":false,"dlq_size":0}}
{"ts":1789828531387,"backend":{"pid":23828,"running":true,"startedAt":1789821384174},"port_in_use":false,"disk_usage_percent":79,"config_fingerprint_changed":false,"pending_rollback_marker":false,"last_backup_ts":1789821299062.3997,"app_version":"1.0.0","build_sha":"54325894cc6e3fc2becfcbc98697a099310d9420","restart_count":0,"neurobus":{"available":false,"circuit_open":false,"dlq_size":0}}
{"ts":1789828536397,"backend":{"pid":23828,"running":true,"startedAt":1789821384174},"port_in_use":false,"disk_usage_percent":79,"config_fingerprint_changed":false,"pending_rollback_marker":false,"last_backup_ts":1789821299062.3997,"app_version":"1.0.0","build_sha":"54325894cc6e3fc2becfcbc98697a099310d9420","restart_count":0,"neurobus":{"available":false,"circuit_open":false,"dlq_size":0}}
{"ts":1789828541401,"backend":{"pid":23828,"running":true,"startedAt":1789821384174},"port_in_use":false,"disk_usage_percent":79,"config_fingerprint_changed":false,"pending_rollback_marker":false,"last_backup_ts":1789821299062.3997,"app_version":"1.0.0","build_sha":"54325894cc6e3fc2becfcbc98697a099310d9420","restart_count":0,"neurobus":{"available":false,"circuit_open":false,"dlq_size":0}}
{"ts":1789828548385,"backend":{"pid":23828,"running":true,"startedAt":1789821384174},"port_in_use":false,"disk_usage_percent":79,"config_fingerprint_changed":false,"pending_rollback_marker":false,"last_backup_ts":1789821299062.3997,"app_version":"1.0.0","build_sha":"54325894cc6e3fc2becfcbc98697a099310d9420","restart_count":0}
{"ts":1789828551417,"backend":{"pid":23828,"running":true,"startedAt":1789821384174},"port_in_use":false,"disk_usage_percent":79,"config_fingerprint_changed":false,"pending_rollback_marker":false,"last_backup_ts":1789821299062.3997,"app_version":"1.0.0","build_sha":"54325894cc6e3fc2becfcbc98697a099310d9420","restart_count":0,"neurobus":{"available":false,"circuit_open":false,"dlq_size":0}}
{"ts":1789828556420,"backend":{"pid":23828,"running":true,"startedAt":1789821384174},"port_in_use":false,"disk_usage_percent":79,"config_fingerprint_changed":false,"pending_rollback_marker":false,"last_backup_ts":1789821299062.3997,"app_version":"1.0.0","build_sha":"54325894cc6e3fc2becfcbc98697a099310d9420","restart_count":0,"neurobus":{"available":false,"circuit_open":false,"dlq_size":0}}
{"ts":1789828561689,"backend":{"pid":23828,"running":true,"startedAt":1789821384174},"port_in_use":false,"disk_usage_percent":79,"config_fingerprint_changed":false,"pending_rollback_marker":false,"last_backup_ts":1789821299062.3997,"app_version":"1.0.0","build_sha":"54325894cc6e3fc2becfcbc98697a099310d9420","restart_count":0,"neurobus":{"available":false,"circuit_open":false,"dlq_size":0}}
{"ts":1789828566451,"backend":{"pid":23828,"running":true,"startedAt":1789821384174},"port_in_use":false,"disk_usage_percent":79,"config_fingerprint_changed":false,"pending_rollback_marker":false,"last_backup_ts":1789821299062.3997,"app_version":"1.0.0","build_sha":"54325894cc6e3fc2becfcbc98697a099310d9420","restart_count":0,"neurobus":{"available":false,"circuit_open":false,"dlq_size":0}}
{"ts":1789828571451,"backend":{"pid":23828,"running":true,"startedAt":1789821384174},"port_in_use":false,"disk_usage_percent":79,"config_fingerprint_changed":false,"pending_rollback_marker":false,"last_backup_ts":1789821299062.3997,"app_version":"1.0.0","build_sha":"54325894cc6e3fc2becfcbc98697a099310d9420","restart_count":0,"neurobus":{"available":false,"circuit_open":false,"dlq_size":0}}
{"ts":1789828576463,"backend":{"pid":23828,"running":true,"startedAt":1789821384174},"port_in_use":false,"disk_usage_percent":79,"config_fingerprint_changed":false,"pending_rollback_marker":false,"last_backup_ts":1789821299062.3997,"app_version":"1.0.0","build_sha":"54325894cc6e3fc2becfcbc98697a099310d9420","restart_count":0,"neurobus":{"available":false,"circuit_open":false,"dlq_size":0}}
{"ts":1789828581481,"backend":{"pid":23828,"running":true,"startedAt":1789821384174},"port_in_use":false,"disk_usage_percent":79,"config_fingerprint_changed":false,"pending_rollback_marker":false,"last_backup_ts":1789821299062.3997,"app_version":"1.0.0","build_sha":"54325894cc6e3fc2becfcbc98697a099310d9420","restart_count":0,"neurobus":{"available":false,"circuit_open":false,"dlq_size":0}}
{"ts":1789828586479,"backend":{"pid":23828,"running":true,"startedAt":1789821384174},"port_in_use":false,"disk_usage_percent":79,"config_fingerprint_changed":false,"pending_rollback_marker":false,"last_backup_ts":1789821299062.3997,"app_version":"1.0.0","build_sha":"54325894cc6e3fc2becfcbc98697a099310d9420","restart_count":0,"neurobus":{"available":false,"circuit_open":false,"dlq_size":0}}
{"ts":1789828591499,"backend":{"pid":23828,"running":true,"startedAt":1789821384174},"port_in_use":false,"disk_usage_percent":79,"config_fingerprint_changed":false,"pending_rollback_marker":false,"last_backup_ts":1789821299062.3997,"app_version":"1.0.0","build_sha":"54325894cc6e3fc2becfcbc98697a099310d9420","restart_count":0,"neurobus":{"available":false,"circuit_open":false,"dlq_size":0}}
{"ts":1789828596504,"backend":{"pid":23828,"running":true,"startedAt":1789821384174},"port_in_use":false,"disk_usage_percent":79,"config_fingerprint_changed":false,"pending_rollback_marker":false,"last_backup_ts":1789821299062.3997,"app_version":"1.0.0","build_sha":"54325894cc6e3fc2becfcbc98697a099310d9420","restart_count":0,"neurobus":{"available":false,"circuit_open":false,"dlq_size":0}}
{"ts":1789828601509,"backend":{"pid":23828,"running":true,"startedAt":1789821384174},"port_in_use":false,"disk_usage_percent":79,"config_fingerprint_changed":false,"pending_rollback_marker":false,"last_backup_ts":1789821299062.3997,"app_version":"1.0.0","build_sha":"54325894cc6e3fc2becfcbc98697a099310d9420","restart_count":0,"neurobus":{"available":false,"circuit_open":false,"dlq_size":0}}
{"ts":1789828606511,"backend":{"pid":23828,"running":true,"startedAt":1789821384174},"port_in_use":false,"disk_usage_percent":79,"config_fingerprint_changed":false,"pending_rollback_marker":false,"last_backup_ts":1789821299062.3997,"app_version":"1.0.0","build_sha":"54325894cc6e3fc2becfcbc98697a099310d9420","restart_count":0,"neurobus":{"available":false,"circuit_open":false,"dlq_size":0}}
{"ts":1789828611522,"backend":{"pid":23828,"running":true,"startedAt":1789821384174},"port_in_use":false,"disk_usage_percent":79,"config_fingerprint_changed":false,"pending_rollback_marker":false,"last_backup_ts":1789821299062.3997,"app_version":"1.0.0","build_sha":"54325894cc6e3fc2becfcbc98697a099310d9420","restart_count":0,"neurobus":{"available":false,"circuit_open":false,"dlq_size":0}}
{"ts":1789828616521,"backend":{"pid":23828,"running":true,"startedAt":1789821384174},"port_in_use":false,"disk_usage_percent":79,"config_fingerprint_changed":false,"pending_rollback_marker":false,"last_backup_ts":1789821299062.3997,"app_version":"1.0.0","build_sha":"54325894cc6e3fc2becfcbc98697a099310d9420","restart_count":0,"neurobus":{"available":false,"circuit_open":false,"dlq_size":0}}
{"ts":1789828621538,"backend":{"pid":23828,"running":true,"startedAt":1789821384174},"port_in_use":false,"disk_usage_percent":79,"config_fingerprint_changed":false,"pending_rollback_marker":false,"last_backup_ts":1789821299062.3997,"app_version":"1.0.0","build_sha":"54325894cc6e3fc2becfcbc98697a099310d9420","restart_count":0,"neurobus":{"available":false,"circuit_open":false,"dlq_size":0}}
{"ts":1789828626529,"backend":{"pid":23828,"running":true,"startedAt":1789821384174},"port_in_use":false,"disk_usage_percent":79,"config_fingerprint_changed":false,"pending_rollback_marker":false,"last_backup_ts":1789821299062.3997,"app_version":"1.0.0","build_sha":"54325894cc6e3fc2becfcbc98697a099310d9420","restart_count":0,"neurobus":{"available":false,"circuit_open":false,"dlq_size":0}}
{"ts":1789828631539,"backend":{"pid":23828,"running":true,"startedAt":1789821384174},"port_in_use":false,"disk_usage_percent":79,"config_fingerprint_changed":false,"pending_rollback_marker":false,"last_backup_ts":1789821299062.3997,"app_version":"1.0.0","build_sha":"54325894cc6e3fc2becfcbc98697a099310d9420","restart_count":0,"neurobus":{"available":false,"circuit_open":false,"dlq_size":0}}
{"ts":1789828636545,"backend":{"pid":23828,"running":true,"startedAt":1789821384174},"port_in_use":false,"disk_usage_percent":79,"config_fingerprint_changed":false,"pending_rollback_marker":false,"last_backup_ts":1789821299062.3997,"app_version":"1.0.0","build_sha":"54325894cc6e3fc2becfcbc98697a099310d9420","restart_count":0,"neurobus":{"available":false,"circuit_open":false,"dlq_size":0}}
{"ts":1789828641556,"backend":{"pid":23828,"running":true,"startedAt":1789821384174},"port_in_use":false,"disk_usage_percent":79,"config_fingerprint_changed":false,"pending_rollback_marker":false,"last_backup_ts":1789821299062.3997,"app_version":"1.0.0","build_sha":"54325894cc6e3fc2becfcbc98697a099310d9420","restart_count":0,"neurobus":{"available":false,"circuit_open":false,"dlq_size":0}}
{"ts":1789828646600,"backend":{"pid":23828,"running":true,"startedAt":1789821384174},"port_in_use":false,"disk_usage_percent":79,"config_fingerprint_changed":false,"pending_rollback_marker":false,"last_backup_ts":1789821299062.3997,"app_version":"1.0.0","build_sha":"54325894cc6e3fc2becfcbc98697a099310d9420","restart_count":0,"neurobus":{"available":false,"circuit_open":false,"dlq_size":0}}
{"ts":1789828651595,"backend":{"pid":23828,"running":true,"startedAt":1789821384174},"port_in_use":false,"disk_usage_percent":79,"config_fingerprint_changed":false,"pending_rollback_marker":false,"last_backup_ts":1789821299062.3997,"app_version":"1.0.0","build_sha":"54325894cc6e3fc2becfcbc98697a099310d9420","restart_count":0,"neurobus":{"available":false,"circuit_open":false,"dlq_size":0}}
{"ts":1789828656591,"backend":{"pid":23828,"running":true,"startedAt":1789821384174},"port_in_use":false,"disk_usage_percent":79,"config_fingerprint_changed":false,"pending_rollback_marker":false,"last_backup_ts":1789821299062.3997,"app_version":"1.0.0","build_sha":"54325894cc6e3fc2becfcbc98697a099310d9420","restart_count":0,"neurobus":{"available":false,"circuit_open":false,"dlq_size":0}}
{"ts":1789828661602,"backend":{"pid":23828,"running":true,"startedAt":1789821384174},"port_in_use":false,"disk_usage_percent":79,"config_fingerprint_changed":false,"pending_rollback_marker":false,"last_backup_ts":1789821299062.3997,"app_version":"1.0.0","build_sha":"54325894cc6e3fc2becfcbc98697a099310d9420","restart_count":0,"neurobus":{"available":false,"circuit_open":false,"dlq_size":0}}
{"ts":1789828666620,"backend":{"pid":23828,"running":true,"startedAt":1789821384174},"port_in_use":false,"disk_usage_percent":79,"config_fingerprint_changed":false,"pending_rollback_marker":false,"last_backup_ts":1789821299062.3997,"app_version":"1.0.0","build_sha":"54325894cc6e3fc2becfcbc98697a099310d9420","restart_count":0,"neurobus":{"available":false,"circuit_open":false,"dlq_size":0}}
{"ts":1789828671610,"backend":{"pid":23828,"running":true,"startedAt":1789821384174},"port_in_use":false,"disk_usage_percent":79,"config_fingerprint_changed":false,"pending_rollback_marker":false,"last_backup_ts":1789821299062.3997,"app_version":"1.0.0","build_sha":"54325894cc6e3fc2becfcbc98697a099310d9420","restart_count":0,"neurobus":{"available":false,"circuit_open":false,"dlq_size":0}}
{"ts":1789828676610,"backend":{"pid":23828,"running":true,"startedAt":1789821384174},"port_in_use":false,"disk_usage_percent":79,"config_fingerprint_changed":false,"pending_rollback_marker":false,"last_backup_ts":1789821299062.3997,"app_version":"1.0.0","build_sha":"54325894cc6e3fc2becfcbc98697a099310d9420","restart_count":0,"neurobus":{"available":false,"circuit_open":false,"dlq_size":0}}
{"ts":1789828681630,"backend":{"pid":23828,"running":true,"startedAt":1789821384174},"port_in_use":false,"disk_usage_percent":79,"config_fingerprint_changed":false,"pending_rollback_marker":false,"last_backup_ts":1789821299062.3997,"app_version":"1.0.0","build_sha":"54325894cc6e3fc2becfcbc98697a099310d9420","restart_count":0,"neurobus":{"available":false,"circuit_open":false,"dlq_size":0}}
{"ts":1789828686642,"backend":{"pid":23828,"running":true,"startedAt":1789821384174},"port_in_use":false,"disk_usage_percent":79,"config_fingerprint_changed":false,"pending_rollback_marker":false,"last_backup_ts":1789821299062.3997,"app_version":"1.0.0","build_sha":"54325894cc6e3fc2becfcbc98697a099310d9420","restart_count":0,"neurobus":{"available":false,"circuit_open":false,"dlq_size":0}}
{"ts":1789828691637,"backend":{"pid":23828,"running":true,"startedAt":1789821384174},"port_in_use":false,"disk_usage_percent":79,"config_fingerprint_changed":false,"pending_rollback_marker":false,"last_backup_ts":1789821299062.3997,"app_version":"1.0.0","build_sha":"54325894cc6e3fc2becfcbc98697a099310d9420","restart_count":0,"neurobus":{"available":false,"circuit_open":false,"dlq_size":0}}
{"ts":1789828696650,"backend":{"pid":23828,"running":true,"startedAt":1789821384174},"port_in_use":false,"disk_usage_percent":79,"config_fingerprint_changed":false,"pending_rollback_marker":false,"last_backup_ts":1789821299062.3997,"app_version":"1.0.0","build_sha":"54325894cc6e3fc2becfcbc98697a099310d9420","restart_count":0,"neurobus":{"available":false,"circuit_open":false,"dlq_size":0}}
{"ts":1789828701662,"backend":{"pid":23828,"running":true,"startedAt":1789821384174},"port_in_use":false,"disk_usage_percent":79,"config_fingerprint_changed":false,"pending_rollback_marker":false,"last_backup_ts":1789821299062.3997,"app_version":"1.0.0","build_sha":"54325894cc6e3fc2becfcbc98697a099310d9420","restart_count":0,"neurobus":{"available":false,"circuit_open":false,"dlq_size":0}}
{"ts":1789828706676,"backend":{"pid":23828,"running":true,"startedAt":1789821384174},"port_in_use":false,"disk_usage_percent":79,"config_fingerprint_changed":false,"pending_rollback_marker":false,"last_backup_ts":1789821299062.3997,"app_version":"1.0.0","build_sha":"54325894cc6e3fc2becfcbc98697a099310d9420","restart_count":0,"neurobus":{"available":false,"circuit_open":false,"dlq_size":0}}
{"ts":1789828711687,"backend":{"pid":23828,"running":true,"startedAt":1789821384174},"port_in_use":false,"disk_usage_percent":79,"config_fingerprint_changed":false,"pending_rollback_marker":false,"last_backup_ts":1789821299062.3997,"app_version":"1.0.0","build_sha":"54325894cc6e3fc2becfcbc98697a099310d9420","restart_count":0,"neurobus":{"available":false,"circuit_open":false,"dlq_size":0}}

--- C:\Users\97088\AppData\Local\Temp\win-evidence\log\pay-license\pay-member-plan-probe.log (last 120 lines) ---
=== on-machine probe record ===
item     : pay-member-plan
module   : pay-license
probed_at: 2026-09-19 22:38:28
product  : 1.0.0.5   release_sha: 54325894cc6e3fc2becfcbc98697a099310d9420

> GET http://127.0.0.1:17500/api/mod/xcagi-lan-license-bridge/status  -> HTTP 500
{"success":false,"error_code":"internal_error","message":"服务器内部错误","path":"/api/mod/xcagi-lan-license-bridge/status"}

> GET http://127.0.0.1:17500/api/health  -> HTTP 200
{"status":"degraded","version":"1.0.0.5","service":"xcagi-fastapi","runtime":{"status":"degraded","components":{"desktop_runtime_routes":{"ok":true,"required":true,"detail":""},"desktop_automation_routes":{"ok":true,"required":false,"detail":""},"gdpr_routes":{"ok":true,"required":false,"detail":""},"platform_shell_routes":{"ok":true,"required":true,"detail":""},"business_route:xcmax_admin":{"ok":true,"required":false,"detail":""},"business_route:order_bridge_webhook":{"ok":true,"required":false,"detail":""},"business_route:xcmax_private_delivery_admin":{"ok":true,"required":false,"detail":""},"business_route:founder_autonomy":{"ok":true,"required":false,"detail":""},"business_route:ops_autonomy":{"ok":true,"required":false,"detail":""},"business_route:ops_wechat_ingest":{"ok":true,"required":false,"detail":""},"business_route:admin_audit":{"ok":true,"required":false,"detail":""},"business_route:genai_traces":{"ok":true,"required":false,"detail":""},"business_route:aibiz_terminal":{"ok":true,"required":false,"detail":""},"business_route:agent":{"ok":true,"required":false,"detail":""},"business_route:tutorial_v2":{"ok":true,"required":false,"detail":""},"business_route:knowledge_v1":{"ok":true,"required":false,"detail":""},"business_route:etl":{"ok":true,"required":true,"detail":""},"business_route:etl_targets":{"ok":true,"required":false,"detail":""},"business_route:taiyangniao_attendance_compat":{"ok":true,"required":false,"detail":""},"business_route:purchase":{"ok":true,"required":true,"detail":""},"business_route:inventory":{"ok":true,"required":true,"detail":""},"business_route:finance_unified_ledger":{"ok":true,"required":false,"detail":""},"business_route:finance_invoices":{"ok":true,"required":false,"detail":""},"business_route:finance":{"ok":true,"required":true,"detail":""},"business_route:reports":{"ok":true,"required":true,"detail":""},"business_route:rbac":{"ok":true,"required":false,"detail":""},"business_route:mods":{"ok":true,"required":true,"detail":""},"business_route:workspace_prefs":{"ok":true,"required":true,"detail":""},"business_route:business_bridge":{"ok":true,"required":true,"detail":""},"business_route:mod_store":{"ok":true,"required":true,"detail":""},"business_route:control":{"ok":true,"required":false,"detail":""},"business_route:voice":{"ok":true,"required":false,"detail":""},"business_route:mobile_api":{"ok":true,"required":false,"detail":""},"business_route:im_v0":{"ok":true,"required":false,"detail":""},"business_route:internal_im":{"ok":true,"required":false,"detail":""},"business_route:production_line_event":{"ok":true,"required":false,"detail":""},"business_route:production_line_event_xcmax":{"ok":true,"required":false,"detail":""},"industry_mod:list":{"ok":false,"required":false,"detail":"Industry MOD is entitled but not installed locally: list"},"industry_mod:store":{"ok":false,"required":false,"detail":"Industry MOD is entitled but not installed locally: store"}},"failures":[{"component":"industry_mod:list","ok":false,"required":false,"detail":"Industry MOD is entitled but not installed locally: list"},{"component":"industry_mod:store","ok":false,"required":false,"detail":"Industry MOD is entitled but not installed locally: store"}],"blockers":[],"degraded_reasons":["Industry MOD is entitled but not installed locally: list","Industry MOD is entitled but not installed locally: store"]},"degradedReasons":["Industry MOD is entitled but not installed locally: list","Industry MOD is entitled but not installed locally: store"],"build":{"admin_console_sha256":"","admin_console_git_sha":"","artifact_sha256":"","built_at":"","git_sha":"54325894cc6e3fc2becfcbc98697a099310d9420","image_digest":"","product_version":"1.0.0.5","release_id":"xcagi-1.0.0.5-54325894cc6e3fc2becfcbc98697a099310d9420"},"git_sha":"54325894cc6e3fc2becfcbc98697a099310d9420","release_id":"xcagi-1.0.0.5-54325894cc6e3fc2becfcbc98697a099310d9420","neuro":{"status":"healthy","running":true,"published":22,"processed":22,"errors":0,"... [truncated]

