[17:37:00] install facts ingested from Z:\windows-acceptance-r2\acceptance\feature-base-login-20260924\log\install-facts.json
[17:37:00] cdp connected
[17:37:01] STEP steady_health {"http":200,"status":"healthy","runtime_status":"healthy","blockers":[],"degradedReasons":[],"version":"1.0.0.5"}
[17:37:01] STEP steady_ui {"text":"系统正常","tone":"status-dot online","text_present":true,"matches":true}
[17:37:03] shot saved: Z:\windows-acceptance-r2\acceptance\feature-base-login-20260924\shot\W7-status-bar.png
[17:37:03] STEP phase_c_live_cookie {"present":true,"fingerprint":"3cfd00f5feefe4d3"}
[17:37:07] [gui-logout-c] open settings -> http://127.0.0.1:17500/settings
[17:37:09] [gui-logout-c] confirm dialog: {"dialog":true,"text":"确认 确定退出本机账号？ 取消 确定","buttons":["取消","确定"]}
[17:37:09] [gui-logout-c] confirm -> clicked:确定
[17:37:13] STEP gui_logout_c_state {"url":"http://127.0.0.1:17500/login?redirect=/","title":"XCAGI 企业版 · V1 · 登录","loginForm":true,"sidebarItems":0,"uiStatusText":null,"uiTone":null,"hasUser":false,"hasOnboarding":false}
[17:37:14] shot saved: Z:\windows-acceptance-r2\acceptance\feature-base-login-20260924\shot\W4c-gui-logout-login-page.png
node.exe : ERROR: The process "XCAGI.exe" not found.
At line:15 char:2062
+ ... .0.1:9222'; & 'C:\Users\97088\xcagi-toolchain\node\node.exe' (Join-Pa ...
+                 ~~~~~~~~~~~~~~~~~~~~~~~~~~~~~~~~~~~~~~~~~~~~~~~~~~~~~~~~~
    + CategoryInfo          : NotSpecified: (ERROR: The proc...exe" not found.:String) [], RemoteException
    + FullyQualifiedErrorId : NativeCommandError
 
ERROR: The process "xcagi-backend.exe" not found.
[17:37:22] app started again: 17:37:22
[17:37:38] STEP relaunch_state {"url":"http://127.0.0.1:17500/login?redirect=/","title":"XCAGI · V1 · 登录","loginForm":true,"sidebarItems":0,"uiStatusText":null,"uiTone":null,"hasUser":false,"hasOnboarding":false}
[17:37:38] STEP relaunch_old_cookie_me {"http":200,"valid":false,"success":false}
[17:37:38] shot saved: Z:\windows-acceptance-r2\acceptance\feature-base-login-20260924\shot\W4b-relaunch-login-page.png
[17:39:09] STEP post_relaunch_convergence {"converged":false,"samples":45}
[17:39:09] facts written: Z:\windows-acceptance-r2\acceptance\feature-base-login-20260924\log\operator-phase-c.json
[17:39:09] DONE phase c
